Component: ARM Compiler 5.06 update 7 (build 960) Tool: armlink [4d3601]

==============================================================================

Section Cross References

    startup_stm32f411xe.o(RESET) refers to startup_stm32f411xe.o(STACK) for __initial_sp
    startup_stm32f411xe.o(RESET) refers to startup_stm32f411xe.o(.text) for Reset_Handler
    startup_stm32f411xe.o(RESET) refers to stm32f4xx_it.o(i.NMI_Handler) for NMI_Handler
    startup_stm32f411xe.o(RESET) refers to stm32f4xx_it.o(i.HardFault_Handler) for HardFault_Handler
    startup_stm32f411xe.o(RESET) refers to stm32f4xx_it.o(i.MemManage_Handler) for MemManage_Handler
    startup_stm32f411xe.o(RESET) refers to stm32f4xx_it.o(i.BusFault_Handler) for BusFault_Handler
    startup_stm32f411xe.o(RESET) refers to stm32f4xx_it.o(i.UsageFault_Handler) for UsageFault_Handler
    startup_stm32f411xe.o(RESET) refers to port.o(.emb_text) for SVC_Handler
    startup_stm32f411xe.o(RESET) refers to stm32f4xx_it.o(i.DebugMon_Handler) for DebugMon_Handler
    startup_stm32f411xe.o(RESET) refers to cmsis_os2.o(i.SysTick_Handler) for SysTick_Handler
    startup_stm32f411xe.o(RESET) refers to stm32f4xx_it.o(i.DMA1_Stream5_IRQHandler) for DMA1_Stream5_IRQHandler
    startup_stm32f411xe.o(RESET) refers to stm32f4xx_it.o(i.TIM1_BRK_TIM9_IRQHandler) for TIM1_BRK_TIM9_IRQHandler
    startup_stm32f411xe.o(RESET) refers to stm32f4xx_it.o(i.TIM2_IRQHandler) for TIM2_IRQHandler
    startup_stm32f411xe.o(RESET) refers to stm32f4xx_it.o(i.I2C1_EV_IRQHandler) for I2C1_EV_IRQHandler
    startup_stm32f411xe.o(RESET) refers to stm32f4xx_it.o(i.SPI1_IRQHandler) for SPI1_IRQHandler
    startup_stm32f411xe.o(RESET) refers to stm32f4xx_it.o(i.EXTI15_10_IRQHandler) for EXTI15_10_IRQHandler
    startup_stm32f411xe.o(RESET) refers to stm32f4xx_it.o(i.TIM5_IRQHandler) for TIM5_IRQHandler
    startup_stm32f411xe.o(RESET) refers to stm32f4xx_it.o(i.DMA2_Stream0_IRQHandler) for DMA2_Stream0_IRQHandler
    startup_stm32f411xe.o(.text) refers to system_stm32f4xx.o(i.SystemInit) for SystemInit
    startup_stm32f411xe.o(.text) refers to entry.o(.ARM.Collect$$$$00000000) for __main
    main.o(i.MX_ADC1_Init) refers to stm32f4xx_hal_adc.o(i.HAL_ADC_Init) for HAL_ADC_Init
    main.o(i.MX_ADC1_Init) refers to stm32f4xx_hal_adc.o(i.HAL_ADC_ConfigChannel) for HAL_ADC_ConfigChannel
    main.o(i.MX_ADC1_Init) refers to main.o(.bss) for .bss
    main.o(i.MX_GPIO_Init) refers to memseta.o(.text) for __aeabi_memclr4
    main.o(i.MX_GPIO_Init) refers to stm32f4xx_hal_gpio.o(i.HAL_GPIO_WritePin) for HAL_GPIO_WritePin
    main.o(i.MX_GPIO_Init) refers to stm32f4xx_hal_gpio.o(i.HAL_GPIO_Init) for HAL_GPIO_Init
    main.o(i.MX_GPIO_Init) refers to stm32f4xx_hal_cortex.o(i.HAL_NVIC_SetPriority) for HAL_NVIC_SetPriority
    main.o(i.MX_GPIO_Init) refers to stm32f4xx_hal_cortex.o(i.HAL_NVIC_EnableIRQ) for HAL_NVIC_EnableIRQ
    main.o(i.MX_SPI1_Init) refers to stm32f4xx_hal_spi.o(i.HAL_SPI_Init) for HAL_SPI_Init
    main.o(i.MX_SPI1_Init) refers to main.o(.bss) for .bss
    main.o(i.MX_TIM3_Init) refers to memseta.o(.text) for __aeabi_memclr4
    main.o(i.MX_TIM3_Init) refers to stm32f4xx_hal_tim.o(i.HAL_TIM_Base_Init) for HAL_TIM_Base_Init
    main.o(i.MX_TIM3_Init) refers to stm32f4xx_hal_tim.o(i.HAL_TIM_ConfigClockSource) for HAL_TIM_ConfigClockSource
    main.o(i.MX_TIM3_Init) refers to stm32f4xx_hal_tim.o(i.HAL_TIM_PWM_Init) for HAL_TIM_PWM_Init
    main.o(i.MX_TIM3_Init) refers to stm32f4xx_hal_tim_ex.o(i.HAL_TIMEx_MasterConfigSynchronization) for HAL_TIMEx_MasterConfigSynchronization
    main.o(i.MX_TIM3_Init) refers to stm32f4xx_hal_tim.o(i.HAL_TIM_PWM_ConfigChannel) for HAL_TIM_PWM_ConfigChannel
    main.o(i.MX_TIM3_Init) refers to stm32f4xx_hal_msp.o(i.HAL_TIM_PWM_MspInit) for HAL_TIM_PWM_MspInit
    main.o(i.MX_TIM3_Init) refers to stm32f4xx_hal_msp.o(i.HAL_TIM_MspPostInit) for HAL_TIM_MspPostInit
    main.o(i.MX_TIM3_Init) refers to main.o(.bss) for .bss
    main.o(i.MX_TIM5_Init) refers to stm32f4xx_hal_tim.o(i.HAL_TIM_Base_Init) for HAL_TIM_Base_Init
    main.o(i.MX_TIM5_Init) refers to stm32f4xx_hal_tim.o(i.HAL_TIM_ConfigClockSource) for HAL_TIM_ConfigClockSource
    main.o(i.MX_TIM5_Init) refers to stm32f4xx_hal_tim_ex.o(i.HAL_TIMEx_MasterConfigSynchronization) for HAL_TIMEx_MasterConfigSynchronization
    main.o(i.MX_TIM5_Init) refers to main.o(.bss) for .bss
    main.o(i.MX_TIM9_Init) refers to stm32f4xx_hal_tim.o(i.HAL_TIM_Base_Init) for HAL_TIM_Base_Init
    main.o(i.MX_TIM9_Init) refers to stm32f4xx_hal_tim.o(i.HAL_TIM_ConfigClockSource) for HAL_TIM_ConfigClockSource
    main.o(i.MX_TIM9_Init) refers to main.o(.bss) for .bss
    main.o(i.StartDefaultTask) refers to cmsis_os2.o(i.osDelay) for osDelay
    main.o(i.SystemClock_Config) refers to memseta.o(.text) for __aeabi_memclr4
    main.o(i.SystemClock_Config) refers to stm32f4xx_hal_rcc.o(i.HAL_RCC_OscConfig) for HAL_RCC_OscConfig
[...]
    i.I2C_Master_SB                          0x08004058   Section        0  stm32f4xx_hal_i2c.o(i.I2C_Master_SB)
    I2C_Master_SB                            0x08004059   Thumb Code   140  stm32f4xx_hal_i2c.o(i.I2C_Master_SB)
    i.I2C_MemoryTransmit_TXE_BTF             0x080040e4   Section        0  stm32f4xx_hal_i2c.o(i.I2C_MemoryTransmit_TXE_BTF)
    I2C_MemoryTransmit_TXE_BTF               0x080040e5   Thumb Code   160  stm32f4xx_hal_i2c.o(i.I2C_MemoryTransmit_TXE_BTF)
    i.I2C_Slave_STOPF                        0x08004184   Section        0  stm32f4xx_hal_i2c.o(i.I2C_Slave_STOPF)
    I2C_Slave_STOPF                          0x08004185   Thumb Code   338  stm32f4xx_hal_i2c.o(i.I2C_Slave_STOPF)
    i.ITM_SendChar                           0x080042e0   Section        0  retarget_io.o(i.ITM_SendChar)
    i.MX_ADC1_Init                           0x08004304   Section        0  main.o(i.MX_ADC1_Init)
    MX_ADC1_Init                             0x08004305   Thumb Code    88  main.o(i.MX_ADC1_Init)
    i.MX_GPIO_Init                           0x08004368   Section        0  main.o(i.MX_GPIO_Init)
    MX_GPIO_Init                             0x08004369   Thumb Code   138  main.o(i.MX_GPIO_Init)
    i.MX_SPI1_Init                           0x08004404   Section        0  main.o(i.MX_SPI1_Init)
    MX_SPI1_Init                             0x08004405   Thumb Code    56  main.o(i.MX_SPI1_Init)
    i.MX_TIM3_Init                           0x08004444   Section        0  main.o(i.MX_TIM3_Init)
    MX_TIM3_Init                             0x08004445   Thumb Code   168  main.o(i.MX_TIM3_Init)
    i.MX_TIM5_Init                           0x080044f8   Section        0  main.o(i.MX_TIM5_Init)
    MX_TIM5_Init                             0x080044f9   Thumb Code    90  main.o(i.MX_TIM5_Init)
    i.MX_TIM9_Init                           0x0800455c   Section        0  main.o(i.MX_TIM9_Init)
    MX_TIM9_Init                             0x0800455d   Thumb Code    66  main.o(i.MX_TIM9_Init)
    i.MemManage_Handler                      0x080045a8   Section        0  stm32f4xx_it.o(i.MemManage_Handler)
    i.NMI_Handler                            0x080045aa   Section        0  stm32f4xx_it.o(i.NMI_Handler)
    i.SPI1_IRQHandler                        0x080045ac   Section        0  stm32f4xx_it.o(i.SPI1_IRQHandler)
    i.SPI_DMAAbortOnError                    0x080045b8   Section        0  stm32f4xx_hal_spi.o(i.SPI_DMAAbortOnError)
    SPI_DMAAbortOnError                      0x080045b9   Thumb Code    16  stm32f4xx_hal_spi.o(i.SPI_DMAAbortOnError)
    i.SysTick_Handler                        0x080045c8   Section        0  cmsis_os2.o(i.SysTick_Handler)
    i.SystemClock_Config                     0x080045e4   Section        0  main.o(i.SystemClock_Config)
    i.SystemInit                             0x08004674   Section        0  system_stm32f4xx.o(i.SystemInit)
    i.TIM1_BRK_TIM9_IRQHandler               0x08004684   Section        0  stm32f4xx_it.o(i.TIM1_BRK_TIM9_IRQHandler)
    i.TIM2_IRQHandler                        0x08004690   Section        0  stm32f4xx_it.o(i.TIM2_IRQHandler)
    i.TIM5_IRQHandler                        0x0800469c   Section        0  stm32f4xx_it.o(i.TIM5_IRQHandler)
    i.TIM_Base_SetConfig                     0x080046a8   Section        0  stm32f4xx_hal_tim.o(i.TIM_Base_SetConfig)
    i.TIM_CCxChannelCmd                      0x08004740   Section        0  stm32f4xx_hal_tim.o(i.TIM_CCxChannelCmd)
    i.TIM_DMADelayPulseCplt                  0x0800480c   Section        0  stm32f4xx_hal_tim.o(i.TIM_DMADelayPulseCplt)
    TIM_DMADelayPulseCplt                    0x0800480d   Thumb Code    94  stm32f4xx_hal_tim.o(i.TIM_DMADelayPulseCplt)
    i.TIM_DMADelayPulseHalfCplt              0x0800486a   Section        0  stm32f4xx_hal_tim.o(i.TIM_DMADelayPulseHalfCplt)
    i.TIM_DMAError                           0x080048a2   Section        0  stm32f4xx_hal_tim.o(i.TIM_DMAError)
    i.TIM_ETR_SetConfig                      0x080048f6   Section        0  stm32f4xx_hal_tim.o(i.TIM_ETR_SetConfig)
    i.TIM_ITRx_SetConfig                     0x0800490a   Section        0  stm32f4xx_hal_tim.o(i.TIM_ITRx_SetConfig)
    TIM_ITRx_SetConfig                       0x0800490b   Thumb Code    16  stm32f4xx_hal_tim.o(i.TIM_ITRx_SetConfig)
    i.TIM_OC1_SetConfig                      0x0800491c   Section        0  stm32f4xx_hal_tim.o(i.TIM_OC1_SetConfig)
    TIM_OC1_SetConfig                        0x0800491d   Thumb Code   144  stm32f4xx_hal_tim.o(i.TIM_OC1_SetConfig)
    i.TIM_OC2_SetConfig                      0x080049e8   Section        0  stm32f4xx_hal_tim.o(i.TIM_OC2_SetConfig)
    i.TIM_OC3_SetConfig                      0x08004abc   Section        0  stm32f4xx_hal_tim.o(i.TIM_OC3_SetConfig)
    TIM_OC3_SetConfig                        0x08004abd   Thumb Code   152  stm32f4xx_hal_tim.o(i.TIM_OC3_SetConfig)
    i.TIM_OC4_SetConfig                      0x08004b90   Section        0  stm32f4xx_hal_tim.o(i.TIM_OC4_SetConfig)
    TIM_OC4_SetConfig                        0x08004b91   Thumb Code    94  stm32f4xx_hal_tim.o(i.TIM_OC4_SetConfig)
    i.TIM_TI1_ConfigInputStage               0x08004c2c   Section        0  stm32f4xx_hal_tim.o(i.TIM_TI1_ConfigInputStage)
    TIM_TI1_ConfigInputStage                 0x08004c2d   Thumb Code    34  stm32f4xx_hal_tim.o(i.TIM_TI1_ConfigInputStage)
    i.TIM_TI2_ConfigInputStage               0x08004c4e   Section        0  stm32f4xx_hal_tim.o(i.TIM_TI2_ConfigInputStage)
    TIM_TI2_ConfigInputStage                 0x08004c4f   Thumb Code    36  stm32f4xx_hal_tim.o(i.TIM_TI2_ConfigInputStage)
    i.Task_BlinkMcuLED                       0x08004c74   Section        0  freertos_impl.o(i.Task_BlinkMcuLED)
    Task_BlinkMcuLED                         0x08004c75   Thumb Code    44  freertos_impl.o(i.Task_BlinkMcuLED)
    i.Task_ProcessPushButton                 0x08004ca8   Section        0  freertos_impl.o(i.Task_ProcessPushButton)
    Task_ProcessPushButton                   0x08004ca9   Thumb Code    48  freertos_impl.o(i.Task_ProcessPushButton)
    i.Task_ReadADCControlPWM                 0x08004cdc   Section        0  freertos_impl.o(i.Task_ReadADCControlPWM)
    Task_ReadADCControlPWM                   0x08004cdd   Thumb Code   112  freertos_impl.o(i.Task_ReadADCControlPWM)
    i.UsageFault_Handler                     0x08004d60   Section        0  stm32f4xx_it.o(i.UsageFault_Handler)
    i.__0printf$3                            0x08004d64   Section        0  printf3.o(i.__0printf$3)
    i.__NVIC_SetPriority                     0x08004d84   Section        0  stm32f4xx_hal_cortex.o(i.__NVIC_SetPriority)
    __NVIC_SetPriority                       0x08004d85   Thumb Code    32  stm32f4xx_hal_cortex.o(i.__NVIC_SetPriority)
    i.__scatterload_copy                     0x08004da4   Section       14  handlers.o(i.__scatterload_copy)
    i.__scatterload_null                     0x08004db2   Section        2  handlers.o(i.__scatterload_null)
    i.__scatterload_zeroinit                 0x08004db4   Section       14  handlers.o(i.__scatterload_zeroinit)
    i._printf_core                           0x08004dc4   Section        0  printf3.o(i._printf_core)
    _printf_core                             0x08004dc5   Thumb Code   436  printf3.o(i._printf_core)
    i.assert_failed                          0x08004f7c   Section        0  main.o(i.assert_failed)
    i.fputc                                  0x08004fbc   Section        0  retarget_io.o(i.fputc)
    i.main                                   0x08004fdc   Section        0  main.o(i.main)
    i.osKernelInitialize                     0x08005090   Section        0  cmsis_os2.o(i.osKernelInitialize)
    i.osKernelStart                          0x080050b4   Section        0  cmsis_os2.o(i.osKernelStart)
    i.prvAddCurrentTaskToDelayedList         0x080050ec   Section        0  tasks.o(i.prvAddCurrentTaskToDelayedList)
    prvAddCurrentTaskToDelayedList           0x080050ed   Thumb Code    92  tasks.o(i.prvAddCurrentTaskToDelayedList)
    i.prvAddNewTaskToReadyList               0x08005150   Section        0  tasks.o(i.prvAddNewTaskToReadyList)
    prvAddNewTaskToReadyList                 0x08005151   Thumb Code   190  tasks.o(i.prvAddNewTaskToReadyList)
    i.prvCheckForValidListAndQueue           0x08005220   Section        0  timers.o(i.prvCheckForValidListAndQueue)
    prvCheckForValidListAndQueue             0x08005221   Thumb Code    72  timers.o(i.prvCheckForValidListAndQueue)
    i.prvCopyDataFromQueue                   0x08005278   Section        0  queue.o(i.prvCopyDataFromQueue)
    prvCopyDataFromQueue                     0x08005279   Thumb Code    38  queue.o(i.prvCopyDataFromQueue)
    i.prvCopyDataToQueue                     0x0800529e   Section        0  queue.o(i.prvCopyDataToQueue)
    prvCopyDataToQueue                       0x0800529f   Thumb Code   108  queue.o(i.prvCopyDataToQueue)
    i.prvDeleteTCB                           0x0800530a   Section        0  tasks.o(i.prvDeleteTCB)
    prvDeleteTCB                             0x0800530b   Thumb Code    52  tasks.o(i.prvDeleteTCB)
    i.prvHeapInit                            0x08005340   Section        0  heap_4.o(i.prvHeapInit)
    prvHeapInit                              0x08005341   Thumb Code    66  heap_4.o(i.prvHeapInit)
    i.prvIdleTask                            0x0800538c   Section        0  tasks.o(i.prvIdleTask)
    prvIdleTask                              0x0800538d   Thumb Code    86  tasks.o(i.prvIdleTask)
    i.prvInitialiseNewQueue                  0x080053f0   Section        0  queue.o(i.prvInitialiseNewQueue)
    prvInitialiseNewQueue                    0x080053f1   Thumb Code    34  queue.o(i.prvInitialiseNewQueue)
    i.prvInitialiseNewTask                   0x08005414   Section        0  tasks.o(i.prvInitialiseNewTask)
    prvInitialiseNewTask                     0x08005415   Thumb Code   180  tasks.o(i.prvInitialiseNewTask)
    i.prvInsertBlockIntoFreeList             0x080054c8   Section        0  heap_4.o(i.prvInsertBlockIntoFreeList)
    prvInsertBlockIntoFreeList               0x080054c9   Thumb Code    72  heap_4.o(i.prvInsertBlockIntoFreeList)
    i.prvInsertTimerInActiveList             0x08005514   Section        0  timers.o(i.prvInsertTimerInActiveList)
    prvInsertTimerInActiveList               0x08005515   Thumb Code    52  timers.o(i.prvInsertTimerInActiveList)
    i.prvIsQueueEmpty                        0x0800554c   Section        0  queue.o(i.prvIsQueueEmpty)
    prvIsQueueEmpty                          0x0800554d   Thumb Code    28  queue.o(i.prvIsQueueEmpty)
    i.prvProcessReceivedCommands             0x08005568   Section        0  timers.o(i.prvProcessReceivedCommands)
    prvProcessReceivedCommands               0x08005569   Thumb Code   248  timers.o(i.prvProcessReceivedCommands)
    i.prvProcessTimerOrBlockTask             0x08005664   Section        0  timers.o(i.prvProcessTimerOrBlockTask)
    prvProcessTimerOrBlockTask               0x08005665   Thumb Code   182  timers.o(i.prvProcessTimerOrBlockTask)
    i.prvResetNextTaskUnblockTime            0x08005724   Section        0  tasks.o(i.prvResetNextTaskUnblockTime)
    prvResetNextTaskUnblockTime              0x08005725   Thumb Code    26  tasks.o(i.prvResetNextTaskUnblockTime)
    i.prvSampleTimeNow                       0x08005744   Section        0  timers.o(i.prvSampleTimeNow)
    prvSampleTimeNow                         0x08005745   Thumb Code    36  timers.o(i.prvSampleTimeNow)
    i.prvSwitchTimerLists                    0x0800576c   Section        0  timers.o(i.prvSwitchTimerLists)
    prvSwitchTimerLists                      0x0800576d   Thumb Code   104  timers.o(i.prvSwitchTimerLists)
    i.prvTaskCheckFreeStackSpace             0x080057d8   Section        0  tasks.o(i.prvTaskCheckFreeStackSpace)
    prvTaskCheckFreeStackSpace               0x080057d9   Thumb Code    20  tasks.o(i.prvTaskCheckFreeStackSpace)
    i.prvTaskExitError                       0x080057ec   Section        0  port.o(i.prvTaskExitError)
    prvTaskExitError                         0x080057ed   Thumb Code    36  port.o(i.prvTaskExitError)
    i.prvTaskIsTaskSuspended                 0x08005814   Section        0  tasks.o(i.prvTaskIsTaskSuspended)
    prvTaskIsTaskSuspended                   0x08005815   Thumb Code    48  tasks.o(i.prvTaskIsTaskSuspended)
    i.prvTimerTask                           0x08005848   Section        0  timers.o(i.prvTimerTask)
    prvTimerTask                             0x08005849   Thumb Code    32  timers.o(i.prvTimerTask)
    i.prvUnlockQueue                         0x0800586c   Section        0  queue.o(i.prvUnlockQueue)
    prvUnlockQueue                           0x0800586d   Thumb Code   106  queue.o(i.prvUnlockQueue)
    i.pvPortMalloc                           0x080058d8   Section        0  heap_4.o(i.pvPortMalloc)
    i.pxPortInitialiseStack                  0x080059c0   Section        0  port.o(i.pxPortInitialiseStack)
    i.ulTaskNotifyTake                       0x080059ec   Section        0  tasks.o(i.ulTaskNotifyTake)
    i.uxListRemove                           0x08005a54   Section        0  list.o(i.uxListRemove)
    i.uxTaskGetStackHighWaterMark            0x08005a7c   Section        0  tasks.o(i.uxTaskGetStackHighWaterMark)
    i.vApplicationGetIdleTaskMemory          0x08005a8c   Section        0  cmsis_os2.o(i.vApplicationGetIdleTaskMemory)
    i.vApplicationGetTimerTaskMemory         0x08005aa0   Section        0  cmsis_os2.o(i.vApplicationGetTimerTaskMemory)
    i.vApplicationIdleHook                   0x08005ab8   Section        0  freertos.o(i.vApplicationIdleHook)
    i.vApplicationMallocFailedHook           0x08005aba   Section        0  freertos.o(i.vApplicationMallocFailedHook)
    i.vListInitialise                        0x08005abc   Section        0  list.o(i.vListInitialise)
    i.vListInitialiseItem                    0x08005ad2   Section        0  list.o(i.vListInitialiseItem)
    i.vListInsert                            0x08005ad8   Section        0  list.o(i.vListInsert)
    i.vListInsertEnd                         0x08005b08   Section        0  list.o(i.vListInsertEnd)
    i.vPortEnterCritical                     0x08005b20   Section        0  port.o(i.vPortEnterCritical)
    i.vPortExitCritical                      0x08005b60   Section        0  port.o(i.vPortExitCritical)
    i.vPortFree                              0x08005b88   Section        0  heap_4.o(i.vPortFree)
    i.vPortSetupTimerInterrupt               0x08005bec   Section        0  port.o(i.vPortSetupTimerInterrupt)
    i.vPortValidateInterruptPriority         0x08005c10   Section        0  port.o(i.vPortValidateInterruptPriority)
    i.vQueueAddToRegistry                    0x08005c64   Section        0  queue.o(i.vQueueAddToRegistry)
    i.vQueueWaitForMessageRestricted         0x08005c8c   Section        0  queue.o(i.vQueueWaitForMessageRestricted)
    i.vTaskDelay                             0x08005cd0   Section        0  tasks.o(i.vTaskDelay)
    i.vTaskDelayUntil                        0x08005d1c   Section        0  tasks.o(i.vTaskDelayUntil)
    i.vTaskInternalSetTimeOutState           0x08005da8   Section        0  tasks.o(i.vTaskInternalSetTimeOutState)
    i.vTaskMissedYield                       0x08005db8   Section        0  tasks.o(i.vTaskMissedYield)
    i.vTaskPlaceOnEventList                  0x08005dc4   Section        0  tasks.o(i.vTaskPlaceOnEventList)
    i.vTaskPlaceOnEventListRestricted        0x08005df4   Section        0  tasks.o(i.vTaskPlaceOnEventListRestricted)
    i.vTaskResume                            0x08005e2c   Section        0  tasks.o(i.vTaskResume)
    i.vTaskStartScheduler                    0x08005ea8   Section        0  tasks.o(i.vTaskStartScheduler)
    i.vTaskSuspend                           0x08005f30   Section        0  tasks.o(i.vTaskSuspend)
    i.vTaskSuspendAll                        0x08005fcc   Section        0  tasks.o(i.vTaskSuspendAll)
    i.vTaskSwitchContext                     0x08005fdc   Section        0  tasks.o(i.vTaskSwitchContext)
    i.xPortStartScheduler                    0x08006040   Section        0  port.o(i.xPortStartScheduler)
    i.xPortSysTickHandler                    0x08006134   Section        0  port.o(i.xPortSysTickHandler)
    i.xQueueGenericCreateStatic              0x08006160   Section        0  queue.o(i.xQueueGenericCreateStatic)
    i.xQueueGenericReset                     0x080061c8   Section        0  queue.o(i.xQueueGenericReset)
    i.xQueueGenericSend                      0x08006250   Section        0  queue.o(i.xQueueGenericSend)
    i.xQueueGenericSendFromISR               0x080063b0   Section        0  queue.o(i.xQueueGenericSendFromISR)
    i.xQueueReceive                          0x08006470   Section        0  queue.o(i.xQueueReceive)
    i.xTaskCheckForTimeOut                   0x080065a8   Section        0  tasks.o(i.xTaskCheckForTimeOut)
    i.xTaskCreate                            0x08006630   Section        0  tasks.o(i.xTaskCreate)
    i.xTaskCreateStatic                      0x0800668a   Section        0  tasks.o(i.xTaskCreateStatic)
    i.xTaskGenericNotifyFromISR              0x080066e0   Section        0  tasks.o(i.xTaskGenericNotifyFromISR)
    i.xTaskGetSchedulerState                 0x080067e4   Section        0  tasks.o(i.xTaskGetSchedulerState)
    i.xTaskGetTickCount                      0x08006800   Section        0  tasks.o(i.xTaskGetTickCount)
    i.xTaskIncrementTick                     0x0800680c   Section        0  tasks.o(i.xTaskIncrementTick)
    i.xTaskPriorityDisinherit                0x080068d4   Section        0  tasks.o(i.xTaskPriorityDisinherit)
    i.xTaskRemoveFromEventList               0x08006954   Section        0  tasks.o(i.xTaskRemoveFromEventList)
    i.xTaskResumeAll                         0x080069c4   Section        0  tasks.o(i.xTaskResumeAll)
    i.xTimerCreateTimerTask                  0x08006a88   Section        0  timers.o(i.xTimerCreateTimerTask)
    i.xTimerGenericCommand                   0x08006ae8   Section        0  timers.o(i.xTimerGenericCommand)
    .constdata                               0x08006b50   Section        8  stm32f4xx_hal_dma.o(.constdata)
    flagBitshiftOffset                       0x08006b50   Data           8  stm32f4xx_hal_dma.o(.constdata)
    .constdata                               0x08006b58   Section       16  system_stm32f4xx.o(.constdata)
    .constdata                               0x08006b68   Section        8  system_stm32f4xx.o(.constdata)
    .data                                    0x20000000   Section        4  stm32f4xx_it.o(.data)
    PushButtonCounter                        0x20000000   Data           4  stm32f4xx_it.o(.data)
    .data                                    0x20000004   Section       44  freertos_impl.o(.data)
    h_TaskADCPWM                             0x2000001c   Data           4  freertos_impl.o(.data)
    h_TaskMCULED                             0x20000020   Data           4  freertos_impl.o(.data)
    .data                                    0x20000030   Section       12  stm32f4xx_hal.o(.data)
    .data                                    0x2000003c   Section        4  system_stm32f4xx.o(.data)
    .data                                    0x20000040   Section       60  tasks.o(.data)
    uxDeletedTasksWaitingCleanUp             0x20000044   Data           4  tasks.o(.data)
    uxCurrentNumberOfTasks                   0x20000048   Data           4  tasks.o(.data)
    xTickCount                               0x2000004c   Data           4  tasks.o(.data)
    uxTopReadyPriority                       0x20000050   Data           4  tasks.o(.data)
    xSchedulerRunning                        0x20000054   Data           4  tasks.o(.data)
    xPendedTicks                             0x20000058   Data           4  tasks.o(.data)
    xYieldPending                            0x2000005c   Data           4  tasks.o(.data)
    xNumOfOverflows                          0x20000060   Data           4  tasks.o(.data)
    uxTaskNumber                             0x20000064   Data           4  tasks.o(.data)
    xNextTaskUnblockTime                     0x20000068   Data           4  tasks.o(.data)
    xIdleTaskHandle                          0x2000006c   Data           4  tasks.o(.data)
    uxSchedulerSuspended                     0x20000070   Data           4  tasks.o(.data)
    pxDelayedTaskList                        0x20000074   Data           4  tasks.o(.data)
    pxOverflowDelayedTaskList                0x20000078   Data           4  tasks.o(.data)
    .data                                    0x2000007c   Section       20  timers.o(.data)
    xTimerQueue                              0x2000007c   Data           4  timers.o(.data)
    xTimerTaskHandle                         0x20000080   Data           4  timers.o(.data)
    xLastTime                                0x20000084   Data           4  timers.o(.data)
    pxCurrentTimerList                       0x20000088   Data           4  timers.o(.data)
    pxOverflowTimerList                      0x2000008c   Data           4  timers.o(.data)
    .data                                    0x20000090   Section        4  cmsis_os2.o(.data)
    KernelState                              0x20000090   Data           4  cmsis_os2.o(.data)
    .data                                    0x20000094   Section       32  heap_4.o(.data)
    pxEnd                                    0x20000094   Data           4  heap_4.o(.data)
    xFreeBytesRemaining                      0x20000098   Data           4  heap_4.o(.data)
    xMinimumEverFreeBytesRemaining           0x2000009c   Data           4  heap_4.o(.data)
    xNumberOfSuccessfulAllocations           0x200000a0   Data           4  heap_4.o(.data)
    xNumberOfSuccessfulFrees                 0x200000a4   Data           4  heap_4.o(.data)
    xBlockAllocatedBit                       0x200000a8   Data           4  heap_4.o(.data)
    xStart                                   0x200000ac   Data           8  heap_4.o(.data)
    .data                                    0x200000b4   Section       12  port.o(.data)
    ucMaxSysCallPriority                     0x200000b4   Data           1  port.o(.data)
    uxCriticalNesting                        0x200000b8   Data           4  port.o(.data)
    ulMaxPRIGROUPValue                       0x200000bc   Data           4  port.o(.data)
    .data                                    0x200000c0   Section        4  stdout.o(.data)
    .data                                    0x200000c4   Section        4  stderr.o(.data)
    .bss                                     0x200000c8   Section      460  main.o(.bss)
    .bss                                     0x20000294   Section       96  main.o(.bss)
    .bss                                     0x200002f4   Section       96  main.o(.bss)
    .bss                                     0x20000354   Section       72  stm32f4xx_hal_timebase_tim.o(.bss)
    .bss                                     0x2000039c   Section       64  queue.o(.bss)
    .bss                                     0x200003dc   Section     1220  tasks.o(.bss)
    pxReadyTasksLists                        0x200003dc   Data        1120  tasks.o(.bss)
    xDelayedTaskList1                        0x2000083c   Data          20  tasks.o(.bss)
    xDelayedTaskList2                        0x20000850   Data          20  tasks.o(.bss)
    xPendingReadyList                        0x20000864   Data          20  tasks.o(.bss)
    xTasksWaitingTermination                 0x20000878   Data          20  tasks.o(.bss)
    xSuspendedTaskList                       0x2000088c   Data          20  tasks.o(.bss)
    .bss                                     0x200008a0   Section      280  timers.o(.bss)
    xStaticTimerQueue                        0x200008a0   Data          80  timers.o(.bss)
    ucStaticTimerQueueStorage                0x200008f0   Data         160  timers.o(.bss)
    xActiveTimerList1                        0x20000990   Data          20  timers.o(.bss)
    xActiveTimerList2                        0x200009a4   Data          20  timers.o(.bss)
    .bss                                     0x200009b8   Section     2744  cmsis_os2.o(.bss)
    Idle_TCB                                 0x200009b8   Data          92  cmsis_os2.o(.bss)
    Idle_Stack                               0x20000a14   Data         512  cmsis_os2.o(.bss)
    Timer_TCB                                0x20000c14   Data          92  cmsis_os2.o(.bss)
    Timer_Stack                              0x20000c70   Data        2048  cmsis_os2.o(.bss)
    .bss                                     0x20001470   Section    24576  heap_4.o(.bss)
    ucHeap                                   0x20001470   Data       24576  heap_4.o(.bss)
    STACK                                    0x20007470   Section     2304  startup_stm32f411xe.o(STACK)

    Global Symbols

    Symbol Name                              Value     Ov Type        Size  Object(Section)

    BuildAttributes$$THM_ISAv4$E$P$D$K$B$S$7EM$VFPi3$EXTD16$VFPS$VFMA$PE$A:L22UL41UL21$X:L11$S22US41US21$IEEE1$IW$USESV6$~STKCKD$USESV7$~SHL$OSPACE$ROPI$EBA8$MICROLIB$REQ8$PRES8$EABIv2 0x00000000   Number         0  anon$$obj.o ABSOLUTE
    __ARM_use_no_argv                        0x00000000   Number         0  main.o ABSOLUTE
    _printf_a                                0x00000000   Number         0  stubs.o ABSOLUTE
    _printf_c                                0x00000000   Number         0  stubs.o ABSOLUTE
    _printf_charcount                        0x00000000   Number         0  stubs.o ABSOLUTE
    _printf_d                                0x00000000   Number         0  stubs.o ABSOLUTE
    _printf_e                                0x00000000   Number         0  stubs.o ABSOLUTE
    _printf_f                                0x00000000   Number         0  stubs.o ABSOLUTE
    _printf_flags                            0x00000000   Number         0  stubs.o ABSOLUTE
    _printf_fp_dec                           0x00000000   Number         0  stubs.o ABSOLUTE
    _printf_fp_hex                           0x00000000   Number         0  stubs.o ABSOLUTE
    _printf_g                                0x00000000   Number         0  stubs.o ABSOLUTE
    _printf_i                                0x00000000   Number         0  stubs.o ABSOLUTE
    _printf_int_dec                          0x00000000   Number         0  stubs.o ABSOLUTE
    _printf_l                                0x00000000   Number         0  stubs.o ABSOLUTE
    _printf_lc                               0x00000000   Number         0  stubs.o ABSOLUTE
    _printf_ll                               0x00000000   Number         0  stubs.o ABSOLUTE
    _printf_lld                              0x00000000   Number         0  stubs.o ABSOLUTE
    _printf_lli                              0x00000000   Number         0  stubs.o ABSOLUTE
    _printf_llo                              0x00000000   Number         0  stubs.o ABSOLUTE
    _printf_llu                              0x00000000   Number         0  stubs.o ABSOLUTE
    _printf_llx                              0x00000000   Number         0  stubs.o ABSOLUTE
    _printf_longlong_dec                     0x00000000   Number         0  stubs.o ABSOLUTE
    _printf_longlong_hex                     0x00000000   Number         0  stubs.o ABSOLUTE
    _printf_longlong_oct                     0x00000000   Number         0  stubs.o ABSOLUTE
    _printf_ls                               0x00000000   Number         0  stubs.o ABSOLUTE
    _printf_mbtowc                           0x00000000   Number         0  stubs.o ABSOLUTE
    _printf_n                                0x00000000   Number         0  stubs.o ABSOLUTE
    _printf_o                                0x00000000   Number         0  stubs.o ABSOLUTE
    _printf_p                                0x00000000   Number         0  stubs.o ABSOLUTE
    _printf_percent                          0x00000000   Number         0  stubs.o ABSOLUTE
    _printf_pre_padding                      0x00000000   Number         0  stubs.o ABSOLUTE
    _printf_return_value                     0x00000000   Number         0  stubs.o ABSOLUTE
    _printf_s                                0x00000000   Number         0  stubs.o ABSOLUTE
    _printf_sizespec                         0x00000000   Number         0  stubs.o ABSOLUTE
    _printf_str                              0x00000000   Number         0  stubs.o ABSOLUTE
    _printf_truncate_signed                  0x00000000   Number         0  stubs.o ABSOLUTE
    _printf_truncate_unsigned                0x00000000   Number         0  stubs.o ABSOLUTE
    _printf_u                                0x00000000   Number         0  stubs.o ABSOLUTE
    _printf_wc                               0x00000000   Number         0  stubs.o ABSOLUTE
    _printf_wctomb                           0x00000000   Number         0  stubs.o ABSOLUTE
    _printf_widthprec                        0x00000000   Number         0  stubs.o ABSOLUTE
    _printf_x                                0x00000000   Number         0  stubs.o ABSOLUTE
    __arm_fini_                               - Undefined Weak Reference
    __cpp_initialize__aeabi_                  - Undefined Weak Reference
    __cxa_finalize                            - Undefined Weak Reference
    __decompress                              - Undefined Weak Reference
    _clock_init                               - Undefined Weak Reference
    _microlib_exit                            - Undefined Weak Reference
    __Vectors_Size                           0x00000198   Number         0  startup_stm32f411xe.o ABSOLUTE
    __Vectors                                0x08000000   Data           4  startup_stm32f411xe.o(RESET)
    __Vectors_End                            0x08000198   Data           0  startup_stm32f411xe.o(RESET)
    __main                                   0x08000199   Thumb Code     0  entry.o(.ARM.Collect$$$$00000000)
    _main_stk                                0x08000199   Thumb Code     0  entry2.o(.ARM.Collect$$$$00000001)
    _main_scatterload                        0x0800019d   Thumb Code     0  entry5.o(.ARM.Collect$$$$00000004)
    __main_after_scatterload                 0x080001a1   Thumb Code     0  entry5.o(.ARM.Collect$$$$00000004)
    _main_clock                              0x080001a1   Thumb Code     0  entry7b.o(.ARM.Collect$$$$00000008)
    _main_cpp_init                           0x080001a1   Thumb Code     0  entry8b.o(.ARM.Collect$$$$0000000A)
    _main_init                               0x080001a1   Thumb Code     0  entry9a.o(.ARM.Collect$$$$0000000B)
    __rt_lib_shutdown_fini                   0x080001a9   Thumb Code     0  entry12b.o(.ARM.Collect$$$$0000000E)
    __rt_final_cpp                           0x080001ad   Thumb Code     0  entry10a.o(.ARM.Collect$$$$0000000F)
    __rt_final_exit                          0x080001ad   Thumb Code     0  entry11a.o(.ARM.Collect$$$$00000011)
    SVC_Handler                              0x080001b1   Thumb Code    28  port.o(.emb_text)
    __asm___6_port_c_39a90d8d__prvStartFirstTask 0x080001d1   Thumb Code    36  port.o(.emb_text)
    __asm___6_port_c_39a90d8d__prvEnableVFP  0x080001f9   Thumb Code    16  port.o(.emb_text)
    PendSV_Handler                           0x0800020d   Thumb Code    88  port.o(.emb_text)
    vPortGetIPSR                             0x08000269   Thumb Code     6  port.o(.emb_text)
    Reset_Handler                            0x08000271   Thumb Code     8  startup_stm32f411xe.o(.text)
    ADC_IRQHandler                           0x0800028b   Thumb Code     0  startup_stm32f411xe.o(.text)
    DMA1_Stream0_IRQHandler                  0x0800028b   Thumb Code     0  startup_stm32f411xe.o(.text)
    DMA1_Stream1_IRQHandler                  0x0800028b   Thumb Code     0  startup_stm32f411xe.o(.text)
    DMA1_Stream2_IRQHandler                  0x0800028b   Thumb Code     0  startup_stm32f411xe.o(.text)
    DMA1_Stream3_IRQHandler                  0x0800028b   Thumb Code     0  startup_stm32f411xe.o(.text)
    DMA1_Stream4_IRQHandler                  0x0800028b   Thumb Code     0  startup_stm32f411xe.o(.text)
    DMA1_Stream6_IRQHandler                  0x0800028b   Thumb Code     0  startup_stm32f411xe.o(.text)
    DMA1_Stream7_IRQHandler                  0x0800028b   Thumb Code     0  startup_stm32f411xe.o(.text)
    DMA2_Stream1_IRQHandler                  0x0800028b   Thumb Code     0  startup_stm32f411xe.o(.text)
    DMA2_Stream2_IRQHandler                  0x0800028b   Thumb Code     0  startup_stm32f411xe.o(.text)
    DMA2_Stream3_IRQHandler                  0x0800028b   Thumb Code     0  startup_stm32f411xe.o(.text)
    DMA2_Stream4_IRQHandler                  0x0800028b   Thumb Code     0  startup_stm32f411xe.o(.text)
    DMA2_Stream5_IRQHandler                  0x0800028b   Thumb Code     0  startup_stm32f411xe.o(.text)
    DMA2_Stream6_IRQHandler                  0x0800028b   Thumb Code     0  startup_stm32f411xe.o(.text)
    DMA2_Stream7_IRQHandler                  0x0800028b   Thumb Code     0  startup_stm32f411xe.o(.text)
    EXTI0_IRQHandler                         0x0800028b   Thumb Code     0  startup_stm32f411xe.o(.text)
    EXTI1_IRQHandler                         0x0800028b   Thumb Code     0  startup_stm32f411xe.o(.text)
    EXTI2_IRQHandler                         0x0800028b   Thumb Code     0  startup_stm32f411xe.o(.text)
    EXTI3_IRQHandler                         0x0800028b   Thumb Code     0  startup_stm32f411xe.o(.text)
    EXTI4_IRQHandler                         0x0800028b   Thumb Code     0  startup_stm32f411xe.o(.text)
    EXTI9_5_IRQHandler                       0x0800028b   Thumb Code     0  startup_stm32f411xe.o(.text)
    FLASH_IRQHandler                         0x0800028b   Thumb Code     0  startup_stm32f411xe.o(.text)
    FPU_IRQHandler                           0x0800028b   Thumb Code     0  startup_stm32f411xe.o(.text)
    I2C1_ER_IRQHandler                       0x0800028b   Thumb Code     0  startup_stm32f411xe.o(.text)
    I2C2_ER_IRQHandler                       0x0800028b   Thumb Code     0  startup_stm32f411xe.o(.text)
    I2C2_EV_IRQHandler                       0x0800028b   Thumb Code     0  startup_stm32f411xe.o(.text)
    I2C3_ER_IRQHandler                       0x0800028b   Thumb Code     0  startup_stm32f411xe.o(.text)
    I2C3_EV_IRQHandler                       0x0800028b   Thumb Code     0  startup_stm32f411xe.o(.text)
    OTG_FS_IRQHandler                        0x0800028b   Thumb Code     0  startup_stm32f411xe.o(.text)
    OTG_FS_WKUP_IRQHandler                   0x0800028b   Thumb Code     0  startup_stm32f411xe.o(.text)
    PVD_IRQHandler                           0x0800028b   Thumb Code     0  startup_stm32f411xe.o(.text)
    RCC_IRQHandler                           0x0800028b   Thumb Code     0  startup_stm32f411xe.o(.text)
    RTC_Alarm_IRQHandler                     0x0800028b   Thumb Code     0  startup_stm32f411xe.o(.text)
    RTC_WKUP_IRQHandler                      0x0800028b   Thumb Code     0  startup_stm32f411xe.o(.text)
    SDIO_IRQHandler                          0x0800028b   Thumb Code     0  startup_stm32f411xe.o(.text)
    SPI2_IRQHandler                          0x0800028b   Thumb Code     0  startup_stm32f411xe.o(.text)
    SPI3_IRQHandler                          0x0800028b   Thumb Code     0  startup_stm32f411xe.o(.text)
    SPI4_IRQHandler                          0x0800028b   Thumb Code     0  startup_stm32f411xe.o(.text)
    SPI5_IRQHandler                          0x0800028b   Thumb Code     0  startup_stm32f411xe.o(.text)
    TAMP_STAMP_IRQHandler                    0x0800028b   Thumb Code     0  startup_stm32f411xe.o(.text)
    TIM1_CC_IRQHandler                       0x0800028b   Thumb Code     0  startup_stm32f411xe.o(.text)
    TIM1_TRG_COM_TIM11_IRQHandler            0x0800028b   Thumb Code     0  startup_stm32f411xe.o(.text)
    TIM1_UP_TIM10_IRQHandler                 0x0800028b   Thumb Code     0  startup_stm32f411xe.o(.text)
    TIM3_IRQHandler                          0x0800028b   Thumb Code     0  startup_stm32f411xe.o(.text)
    TIM4_IRQHandler                          0x0800028b   Thumb Code     0  startup_stm32f411xe.o(.text)
    USART1_IRQHandler                        0x0800028b   Thumb Code     0  startup_stm32f411xe.o(.text)
    USART2_IRQHandler                        0x0800028b   Thumb Code     0  startup_stm32f411xe.o(.text)
    USART6_IRQHandler                        0x0800028b   Thumb Code     0  startup_stm32f411xe.o(.text)
    WWDG_IRQHandler                          0x0800028b   Thumb Code     0  startup_stm32f411xe.o(.text)
    __aeabi_uldivmod                         0x08000295   Thumb Code    98  uldiv.o(.text)
    __aeabi_memcpy                           0x080002f7   Thumb Code    36  memcpya.o(.text)
    __aeabi_memcpy4                          0x080002f7   Thumb Code     0  memcpya.o(.text)
    __aeabi_memcpy8                          0x080002f7   Thumb Code     0  memcpya.o(.text)
    __aeabi_memset                           0x0800031b   Thumb Code    14  memseta.o(.text)
    __aeabi_memset4                          0x0800031b   Thumb Code     0  memseta.o(.text)
    __aeabi_memset8                          0x0800031b   Thumb Code     0  memseta.o(.text)
    __aeabi_memclr                           0x08000329   Thumb Code     4  memseta.o(.text)
    __aeabi_memclr4                          0x08000329   Thumb Code     0  memseta.o(.text)
    __aeabi_memclr8                          0x08000329   Thumb Code     0  memseta.o(.text)
    memset                                   0x0800032d   Thumb Code    18  memseta.o(.text)
    __aeabi_uidiv                            0x0800033f   Thumb Code     0  uidiv.o(.text)
    __aeabi_uidivmod                         0x0800033f   Thumb Code    44  uidiv.o(.text)
    __aeabi_llsl                             0x0800036b   Thumb Code    30  llshl.o(.text)
    _ll_shift_l                              0x0800036b   Thumb Code     0  llshl.o(.text)
    __aeabi_llsr                             0x08000389   Thumb Code    32  llushr.o(.text)
    _ll_ushift_r                             0x08000389   Thumb Code     0  llushr.o(.text)
    __scatterload                            0x080003a9   Thumb Code    28  init.o(.text)
    __scatterload_rt2                        0x080003a9   Thumb Code     0  init.o(.text)
    BusFault_Handler                         0x080005d5   Thumb Code     2  stm32f4xx_it.o(i.BusFault_Handler)
    DMA1_Stream5_IRQHandler                  0x080005d9   Thumb Code     6  stm32f4xx_it.o(i.DMA1_Stream5_IRQHandler)
    DMA2_Stream0_IRQHandler                  0x080005e5   Thumb Code     6  stm32f4xx_it.o(i.DMA2_Stream0_IRQHandler)
    DebugMon_Handler                         0x08000695   Thumb Code     2  stm32f4xx_it.o(i.DebugMon_Handler)
    EXTI15_10_IRQHandler                     0x08000697   Thumb Code     8  stm32f4xx_it.o(i.EXTI15_10_IRQHandler)
    Error_Handler                            0x0800069f   Thumb Code     4  main.o(i.Error_Handler)
    FRTOS_Init_Mutex                         0x080006a3   Thumb Code     2  freertos_impl.o(i.FRTOS_Init_Mutex)
    FRTOS_Init_SWTimers                      0x080006a5   Thumb Code     2  freertos_impl.o(i.FRTOS_Init_SWTimers)
    FRTOS_Init_Tasks                         0x080006a9   Thumb Code   114  freertos_impl.o(i.FRTOS_Init_Tasks)
    HAL_ADC_ConfigChannel                    0x08000779   Thumb Code   418  stm32f4xx_hal_adc.o(i.HAL_ADC_ConfigChannel)
    HAL_ADC_ConvCpltCallback                 0x08000969   Thumb Code     2  stm32f4xx_hal_adc.o(i.HAL_ADC_ConvCpltCallback)
    HAL_ADC_ConvHalfCpltCallback             0x0800096b   Thumb Code     2  stm32f4xx_hal_adc.o(i.HAL_ADC_ConvHalfCpltCallback)
    HAL_ADC_ErrorCallback                    0x0800096d   Thumb Code     2  stm32f4xx_hal_adc.o(i.HAL_ADC_ErrorCallback)
    HAL_ADC_Init                             0x08000971   Thumb Code   458  stm32f4xx_hal_adc.o(i.HAL_ADC_Init)
    HAL_ADC_MspInit                          0x08000b7d   Thumb Code   134  stm32f4xx_hal_msp.o(i.HAL_ADC_MspInit)
    HAL_ADC_Start_DMA                        0x08000c19   Thumb Code   314  stm32f4xx_hal_adc.o(i.HAL_ADC_Start_DMA)
    HAL_DMA_Abort_IT                         0x08000da9   Thumb Code    36  stm32f4xx_hal_dma.o(i.HAL_DMA_Abort_IT)
    HAL_DMA_GetState                         0x08000dcd   Thumb Code     6  stm32f4xx_hal_dma.o(i.HAL_DMA_GetState)
    HAL_DMA_IRQHandler                       0x08000dd5   Thumb Code   412  stm32f4xx_hal_dma.o(i.HAL_DMA_IRQHandler)
    HAL_DMA_Init                             0x08000f75   Thumb Code   666  stm32f4xx_hal_dma.o(i.HAL_DMA_Init)
    HAL_DMA_Start_IT                         0x08001255   Thumb Code   142  stm32f4xx_hal_dma.o(i.HAL_DMA_Start_IT)
    HAL_GPIO_EXTI_Callback                   0x0800131d   Thumb Code    84  stm32f4xx_it.o(i.HAL_GPIO_EXTI_Callback)
    HAL_GPIO_EXTI_IRQHandler                 0x0800137d   Thumb Code    18  stm32f4xx_hal_gpio.o(i.HAL_GPIO_EXTI_IRQHandler)
    HAL_GPIO_Init                            0x08001395   Thumb Code   590  stm32f4xx_hal_gpio.o(i.HAL_GPIO_Init)
    HAL_GPIO_TogglePin                       0x0800165d   Thumb Code    34  stm32f4xx_hal_gpio.o(i.HAL_GPIO_TogglePin)
    HAL_GPIO_WritePin                        0x080016bd   Thumb Code    46  stm32f4xx_hal_gpio.o(i.HAL_GPIO_WritePin)
    HAL_GetTick                              0x08001729   Thumb Code     6  stm32f4xx_hal.o(i.HAL_GetTick)
    HAL_I2C_AbortCpltCallback                0x08001735   Thumb Code     2  stm32f4xx_hal_i2c.o(i.HAL_I2C_AbortCpltCallback)
    HAL_I2C_AddrCallback                     0x08001737   Thumb Code     2  stm32f4xx_hal_i2c.o(i.HAL_I2C_AddrCallback)
    HAL_I2C_EV_IRQHandler                    0x08001739   Thumb Code   612  stm32f4xx_hal_i2c.o(i.HAL_I2C_EV_IRQHandler)
    HAL_I2C_ErrorCallback                    0x0800199d   Thumb Code     2  stm32f4xx_hal_i2c.o(i.HAL_I2C_ErrorCallback)
    HAL_I2C_Init                             0x080019a1   Thumb Code   560  stm32f4xx_hal_i2c.o(i.HAL_I2C_Init)
    HAL_I2C_ListenCpltCallback               0x08001c29   Thumb Code     2  stm32f4xx_hal_i2c.o(i.HAL_I2C_ListenCpltCallback)
    HAL_I2C_MasterRxCpltCallback             0x08001c2b   Thumb Code     2  stm32f4xx_hal_i2c.o(i.HAL_I2C_MasterRxCpltCallback)
    HAL_I2C_MasterTxCpltCallback             0x08001c2d   Thumb Code     2  stm32f4xx_hal_i2c.o(i.HAL_I2C_MasterTxCpltCallback)
    HAL_I2C_MemRxCpltCallback                0x08001c2f   Thumb Code     2  stm32f4xx_hal_i2c.o(i.HAL_I2C_MemRxCpltCallback)
    HAL_I2C_MemTxCpltCallback                0x08001c31   Thumb Code     2  stm32f4xx_hal_i2c.o(i.HAL_I2C_MemTxCpltCallback)
    HAL_I2C_MspInit                          0x08001c35   Thumb Code   110  stm32f4xx_hal_msp.o(i.HAL_I2C_MspInit)
    HAL_I2C_SlaveRxCpltCallback              0x08001cb1   Thumb Code     2  stm32f4xx_hal_i2c.o(i.HAL_I2C_SlaveRxCpltCallback)
    HAL_I2C_SlaveTxCpltCallback              0x08001cb3   Thumb Code     2  stm32f4xx_hal_i2c.o(i.HAL_I2C_SlaveTxCpltCallback)
    HAL_IncTick                              0x08001cb5   Thumb Code    12  stm32f4xx_hal.o(i.HAL_IncTick)
    HAL_Init                                 0x08001cc5   Thumb Code    48  stm32f4xx_hal.o(i.HAL_Init)
    HAL_InitTick                             0x08001cf9   Thumb Code   102  stm32f4xx_hal_timebase_tim.o(i.HAL_InitTick)
    HAL_MspInit                              0x08001d6d   Thumb Code    52  stm32f4xx_hal_msp.o(i.HAL_MspInit)
    HAL_NVIC_EnableIRQ                       0x08001da5   Thumb Code    40  stm32f4xx_hal_cortex.o(i.HAL_NVIC_EnableIRQ)
    HAL_NVIC_SetPriority                     0x08001e09   Thumb Code    94  stm32f4xx_hal_cortex.o(i.HAL_NVIC_SetPriority)
    HAL_NVIC_SetPriorityGrouping             0x08001ea9   Thumb Code    58  stm32f4xx_hal_cortex.o(i.HAL_NVIC_SetPriorityGrouping)
    HAL_RCC_ClockConfig                      0x08001f29   Thumb Code   504  stm32f4xx_hal_rcc.o(i.HAL_RCC_ClockConfig)
    HAL_RCC_GetClockConfig                   0x08002169   Thumb Code    54  stm32f4xx_hal_rcc.o(i.HAL_RCC_GetClockConfig)
    HAL_RCC_GetPCLK1Freq                     0x080021a9   Thumb Code    20  stm32f4xx_hal_rcc.o(i.HAL_RCC_GetPCLK1Freq)
    HAL_RCC_GetSysClockFreq                  0x080021c9   Thumb Code    88  stm32f4xx_hal_rcc.o(i.HAL_RCC_GetSysClockFreq)
    HAL_RCC_OscConfig                        0x0800222d   Thumb Code  1192  stm32f4xx_hal_rcc.o(i.HAL_RCC_OscConfig)
    HAL_SPI_ErrorCallback                    0x080026d5   Thumb Code     2  stm32f4xx_hal_spi.o(i.HAL_SPI_ErrorCallback)
    HAL_SPI_IRQHandler                       0x080026d9   Thumb Code   246  stm32f4xx_hal_spi.o(i.HAL_SPI_IRQHandler)
    HAL_SPI_Init                             0x080027d5   Thumb Code   530  stm32f4xx_hal_spi.o(i.HAL_SPI_Init)
    HAL_SPI_MspInit                          0x08002a35   Thumb Code   144  stm32f4xx_hal_msp.o(i.HAL_SPI_MspInit)
    HAL_TIMEx_BreakCallback                  0x08002ad5   Thumb Code     2  stm32f4xx_hal_tim_ex.o(i.HAL_TIMEx_BreakCallback)
    HAL_TIMEx_CommutCallback                 0x08002ad7   Thumb Code     2  stm32f4xx_hal_tim_ex.o(i.HAL_TIMEx_CommutCallback)
    HAL_TIMEx_MasterConfigSynchronization    0x08002ad9   Thumb Code   210  stm32f4xx_hal_tim_ex.o(i.HAL_TIMEx_MasterConfigSynchronization)
    HAL_TIM_Base_Init                        0x08002bfd   Thumb Code   224  stm32f4xx_hal_tim.o(i.HAL_TIM_Base_Init)
    HAL_TIM_Base_MspInit                     0x08002d31   Thumb Code    90  stm32f4xx_hal_msp.o(i.HAL_TIM_Base_MspInit)
    HAL_TIM_Base_Start_IT                    0x08002d99   Thumb Code   150  stm32f4xx_hal_tim.o(i.HAL_TIM_Base_Start_IT)
    HAL_TIM_ConfigClockSource                0x08002e85   Thumb Code   824  stm32f4xx_hal_tim.o(i.HAL_TIM_ConfigClockSource)
    HAL_TIM_ErrorCallback                    0x08003211   Thumb Code     2  stm32f4xx_hal_tim.o(i.HAL_TIM_ErrorCallback)
    HAL_TIM_IC_CaptureCallback               0x08003213   Thumb Code     2  stm32f4xx_hal_tim.o(i.HAL_TIM_IC_CaptureCallback)
    HAL_TIM_IRQHandler                       0x08003215   Thumb Code   358  stm32f4xx_hal_tim.o(i.HAL_TIM_IRQHandler)
    HAL_TIM_MspPostInit                      0x0800337d   Thumb Code    68  stm32f4xx_hal_msp.o(i.HAL_TIM_MspPostInit)
    HAL_TIM_OC_DelayElapsedCallback          0x080033cd   Thumb Code     2  stm32f4xx_hal_tim.o(i.HAL_TIM_OC_DelayElapsedCallback)
    HAL_TIM_PWM_ConfigChannel                0x080033d1   Thumb Code   460  stm32f4xx_hal_tim.o(i.HAL_TIM_PWM_ConfigChannel)
    HAL_TIM_PWM_Init                         0x080035f1   Thumb Code   224  stm32f4xx_hal_tim.o(i.HAL_TIM_PWM_Init)
    HAL_TIM_PWM_MspInit                      0x08003725   Thumb Code    90  stm32f4xx_hal_msp.o(i.HAL_TIM_PWM_MspInit)
    HAL_TIM_PWM_PulseFinishedCallback        0x08003791   Thumb Code     2  stm32f4xx_hal_tim.o(i.HAL_TIM_PWM_PulseFinishedCallback)
    HAL_TIM_PWM_PulseFinishedHalfCpltCallback 0x08003793   Thumb Code     2  stm32f4xx_hal_tim.o(i.HAL_TIM_PWM_PulseFinishedHalfCpltCallback)
    HAL_TIM_PWM_Start_DMA                    0x08003795   Thumb Code   528  stm32f4xx_hal_tim.o(i.HAL_TIM_PWM_Start_DMA)
    HAL_TIM_PeriodElapsedCallback            0x08003a05   Thumb Code    34  stm32f4xx_it.o(i.HAL_TIM_PeriodElapsedCallback)
    HAL_TIM_TriggerCallback                  0x08003a35   Thumb Code     2  stm32f4xx_hal_tim.o(i.HAL_TIM_TriggerCallback)
    HardFault_Handler                        0x08003a37   Thumb Code     2  stm32f4xx_it.o(i.HardFault_Handler)
    I2C1_EV_IRQHandler                       0x08003a39   Thumb Code     6  stm32f4xx_it.o(i.I2C1_EV_IRQHandler)
    ITM_SendChar                             0x080042e1   Thumb Code    32  retarget_io.o(i.ITM_SendChar)
    MemManage_Handler                        0x080045a9   Thumb Code     2  stm32f4xx_it.o(i.MemManage_Handler)
    NMI_Handler                              0x080045ab   Thumb Code     2  stm32f4xx_it.o(i.NMI_Handler)
    SPI1_IRQHandler                          0x080045ad   Thumb Code     6  stm32f4xx_it.o(i.SPI1_IRQHandler)
    SysTick_Handler                          0x080045c9   Thumb Code    26  cmsis_os2.o(i.SysTick_Handler)
    SystemClock_Config                       0x080045e5   Thumb Code   134  main.o(i.SystemClock_Config)
    SystemInit                               0x08004675   Thumb Code    12  system_stm32f4xx.o(i.SystemInit)
    TIM1_BRK_TIM9_IRQHandler                 0x08004685   Thumb Code     6  stm32f4xx_it.o(i.TIM1_BRK_TIM9_IRQHandler)
    TIM2_IRQHandler                          0x08004691   Thumb Code     6  stm32f4xx_it.o(i.TIM2_IRQHandler)
    TIM5_IRQHandler                          0x0800469d   Thumb Code     6  stm32f4xx_it.o(i.TIM5_IRQHandler)
    TIM_Base_SetConfig                       0x080046a9   Thumb Code   122  stm32f4xx_hal_tim.o(i.TIM_Base_SetConfig)
    TIM_CCxChannelCmd                        0x08004741   Thumb Code   118  stm32f4xx_hal_tim.o(i.TIM_CCxChannelCmd)
    TIM_DMADelayPulseHalfCplt                0x0800486b   Thumb Code    56  stm32f4xx_hal_tim.o(i.TIM_DMADelayPulseHalfCplt)
    TIM_DMAError                             0x080048a3   Thumb Code    84  stm32f4xx_hal_tim.o(i.TIM_DMAError)
    TIM_ETR_SetConfig                        0x080048f7   Thumb Code    20  stm32f4xx_hal_tim.o(i.TIM_ETR_SetConfig)
    TIM_OC2_SetConfig                        0x080049e9   Thumb Code   152  stm32f4xx_hal_tim.o(i.TIM_OC2_SetConfig)
    UsageFault_Handler                       0x08004d61   Thumb Code     2  stm32f4xx_it.o(i.UsageFault_Handler)
    __0printf$3                              0x08004d65   Thumb Code    22  printf3.o(i.__0printf$3)
    __1printf$3                              0x08004d65   Thumb Code     0  printf3.o(i.__0printf$3)
    __2printf                                0x08004d65   Thumb Code     0  printf3.o(i.__0printf$3)
    __scatterload_copy                       0x08004da5   Thumb Code    14  handlers.o(i.__scatterload_copy)
    __scatterload_null                       0x08004db3   Thumb Code     2  handlers.o(i.__scatterload_null)
    __scatterload_zeroinit                   0x08004db5   Thumb Code    14  handlers.o(i.__scatterload_zeroinit)
    assert_failed                            0x08004f7d   Thumb Code    16  main.o(i.assert_failed)
    fputc                                    0x08004fbd   Thumb Code    22  retarget_io.o(i.fputc)
    main                                     0x08004fdd   Thumb Code   162  main.o(i.main)
    osKernelInitialize                       0x08005091   Thumb Code    32  cmsis_os2.o(i.osKernelInitialize)
    osKernelStart                            0x080050b5   Thumb Code    48  cmsis_os2.o(i.osKernelStart)
    pvPortMalloc                             0x080058d9   Thumb Code   226  heap_4.o(i.pvPortMalloc)
    pxPortInitialiseStack                    0x080059c1   Thumb Code    40  port.o(i.pxPortInitialiseStack)
    ulTaskNotifyTake                         0x080059ed   Thumb Code    96  tasks.o(i.ulTaskNotifyTake)
    uxListRemove                             0x08005a55   Thumb Code    38  list.o(i.uxListRemove)
    uxTaskGetStackHighWaterMark              0x08005a7d   Thumb Code    12  tasks.o(i.uxTaskGetStackHighWaterMark)
    vApplicationGetIdleTaskMemory            0x08005a8d   Thumb Code    16  cmsis_os2.o(i.vApplicationGetIdleTaskMemory)
    vApplicationGetTimerTaskMemory           0x08005aa1   Thumb Code    18  cmsis_os2.o(i.vApplicationGetTimerTaskMemory)
    vApplicationIdleHook                     0x08005ab9   Thumb Code     2  freertos.o(i.vApplicationIdleHook)
    vApplicationMallocFailedHook             0x08005abb   Thumb Code     2  freertos.o(i.vApplicationMallocFailedHook)
    vListInitialise                          0x08005abd   Thumb Code    22  list.o(i.vListInitialise)
    vListInitialiseItem                      0x08005ad3   Thumb Code     6  list.o(i.vListInitialiseItem)
    vListInsert                              0x08005ad9   Thumb Code    48  list.o(i.vListInsert)
    vListInsertEnd                           0x08005b09   Thumb Code    24  list.o(i.vListInsertEnd)
    vPortEnterCritical                       0x08005b21   Thumb Code    54  port.o(i.vPortEnterCritical)
    vPortExitCritical                        0x08005b61   Thumb Code    34  port.o(i.vPortExitCritical)
    vPortFree                                0x08005b89   Thumb Code    94  heap_4.o(i.vPortFree)
    vPortSetupTimerInterrupt                 0x08005bed   Thumb Code    32  port.o(i.vPortSetupTimerInterrupt)
    vPortValidateInterruptPriority           0x08005c11   Thumb Code    74  port.o(i.vPortValidateInterruptPriority)
    vQueueAddToRegistry                      0x08005c65   Thumb Code    34  queue.o(i.vQueueAddToRegistry)
    vQueueWaitForMessageRestricted           0x08005c8d   Thumb Code    68  queue.o(i.vQueueWaitForMessageRestricted)
    vTaskDelay                               0x08005cd1   Thumb Code    66  tasks.o(i.vTaskDelay)
    vTaskDelayUntil                          0x08005d1d   Thumb Code   132  tasks.o(i.vTaskDelayUntil)
    vTaskInternalSetTimeOutState             0x08005da9   Thumb Code    12  tasks.o(i.vTaskInternalSetTimeOutState)
    vTaskMissedYield                         0x08005db9   Thumb Code     8  tasks.o(i.vTaskMissedYield)
    vTaskPlaceOnEventList                    0x08005dc5   Thumb Code    44  tasks.o(i.vTaskPlaceOnEventList)
    vTaskPlaceOnEventListRestricted          0x08005df5   Thumb Code    52  tasks.o(i.vTaskPlaceOnEventListRestricted)
    vTaskResume                              0x08005e2d   Thumb Code   110  tasks.o(i.vTaskResume)
    vTaskStartScheduler                      0x08005ea9   Thumb Code   118  tasks.o(i.vTaskStartScheduler)
    vTaskSuspend                             0x08005f31   Thumb Code   144  tasks.o(i.vTaskSuspend)
    vTaskSuspendAll                          0x08005fcd   Thumb Code    10  tasks.o(i.vTaskSuspendAll)
    vTaskSwitchContext                       0x08005fdd   Thumb Code    90  tasks.o(i.vTaskSwitchContext)
    xPortStartScheduler                      0x08006041   Thumb Code   222  port.o(i.xPortStartScheduler)
    xPortSysTickHandler                      0x08006135   Thumb Code    38  port.o(i.xPortSysTickHandler)
    xQueueGenericCreateStatic                0x08006161   Thumb Code   102  queue.o(i.xQueueGenericCreateStatic)
    xQueueGenericReset                       0x080061c9   Thumb Code   132  queue.o(i.xQueueGenericReset)
    xQueueGenericSend                        0x08006251   Thumb Code   346  queue.o(i.xQueueGenericSend)
    xQueueGenericSendFromISR                 0x080063b1   Thumb Code   190  queue.o(i.xQueueGenericSendFromISR)
    xQueueReceive                            0x08006471   Thumb Code   308  queue.o(i.xQueueReceive)
    xTaskCheckForTimeOut                     0x080065a9   Thumb Code   132  tasks.o(i.xTaskCheckForTimeOut)
    xTaskCreate                              0x08006631   Thumb Code    90  tasks.o(i.xTaskCreate)
    xTaskCreateStatic                        0x0800668b   Thumb Code    86  tasks.o(i.xTaskCreateStatic)
    xTaskGenericNotifyFromISR                0x080066e1   Thumb Code   246  tasks.o(i.xTaskGenericNotifyFromISR)
    xTaskGetSchedulerState                   0x080067e5   Thumb Code    22  tasks.o(i.xTaskGetSchedulerState)
    xTaskGetTickCount                        0x08006801   Thumb Code     6  tasks.o(i.xTaskGetTickCount)
    xTaskIncrementTick                       0x0800680d   Thumb Code   192  tasks.o(i.xTaskIncrementTick)
    xTaskPriorityDisinherit                  0x080068d5   Thumb Code   118  tasks.o(i.xTaskPriorityDisinherit)
    xTaskRemoveFromEventList                 0x08006955   Thumb Code    98  tasks.o(i.xTaskRemoveFromEventList)
    xTaskResumeAll                           0x080069c5   Thumb Code   182  tasks.o(i.xTaskResumeAll)
    xTimerCreateTimerTask                    0x08006a89   Thumb Code    78  timers.o(i.xTimerCreateTimerTask)
    xTimerGenericCommand                     0x08006ae9   Thumb Code    98  timers.o(i.xTimerGenericCommand)
    AHBPrescTable                            0x08006b58   Data          16  system_stm32f4xx.o(.constdata)
    APBPrescTable                            0x08006b68   Data           8  system_stm32f4xx.o(.constdata)
    Region$$Table$$Base                      0x08006b70   Number         0  anon$$obj.o(Region$$Table)
    Region$$Table$$Limit                     0x08006b90   Number         0  anon$$obj.o(Region$$Table)
    RawAdcValue                              0x20000004   Data           4  freertos_impl.o(.data)
    RawPWMThresh                             0x20000008   Data           4  freertos_impl.o(.data)
    Time_t1                                  0x2000000c   Data           4  freertos_impl.o(.data)
    Time_t2                                  0x20000010   Data           4  freertos_impl.o(.data)
    Time_tDiff                               0x20000014   Data           4  freertos_impl.o(.data)
    h_TaskMCUPB                              0x20000018   Data           4  freertos_impl.o(.data)
    TaskMCUPB_RSS                            0x20000024   Data           4  freertos_impl.o(.data)
    TaskADCPWM_RSS                           0x20000028   Data           4  freertos_impl.o(.data)
    TaskMCULED_RSS                           0x2000002c   Data           4  freertos_impl.o(.data)
    uwTickFreq                               0x20000030   Data           1  stm32f4xx_hal.o(.data)
    uwTickPrio                               0x20000034   Data           4  stm32f4xx_hal.o(.data)
    uwTick                                   0x20000038   Data           4  stm32f4xx_hal.o(.data)
    SystemCoreClock                          0x2000003c   Data           4  system_stm32f4xx.o(.data)
    pxCurrentTCB                             0x20000040   Data           4  tasks.o(.data)
    __stdout                                 0x200000c0   Data           4  stdout.o(.data)
    __stderr                                 0x200000c4   Data           4  stderr.o(.data)
    hadc1                                    0x200000c8   Data          72  main.o(.bss)
    hi2c1                                    0x20000110   Data          84  main.o(.bss)
    hspi1                                    0x20000164   Data          88  main.o(.bss)
    htim3                                    0x200001bc   Data          72  main.o(.bss)
    htim5                                    0x20000204   Data          72  main.o(.bss)
    htim9                                    0x2000024c   Data          72  main.o(.bss)
    hdma_adc1                                0x20000294   Data          96  main.o(.bss)
    hdma_tim3_ch2                            0x200002f4   Data          96  main.o(.bss)
    htim2                                    0x20000354   Data          72  stm32f4xx_hal_timebase_tim.o(.bss)
    xQueueRegistry                           0x2000039c   Data          64  queue.o(.bss)
    __initial_sp                             0x20007d70   Data           0  startup_stm32f411xe.o(STACK)



==============================================================================

Memory Map of the image

  Image Entry point : 0x08000199

  Load Region LR_IROM1 (Base: 0x08000000, Size: 0x00006c58, Max: 0x00080000, ABSOLUTE)

    Execution Region ER_IROM1 (Exec base: 0x08000000, Load base: 0x08000000, Size: 0x00006b90, Max: 0x00080000, ABSOLUTE)

    Exec Addr    Load Addr    Size         Type   Attr      Idx    E Section Name        Object

    0x08000000   0x08000000   0x00000198   Data   RO            3    RESET               startup_stm32f411xe.o
    0x08000198   0x08000198   0x00000000   Code   RO         5768  * .ARM.Collect$$$$00000000  mc_w.l(entry.o)
    0x08000198   0x08000198   0x00000004   Code   RO         6051    .ARM.Collect$$$$00000001  mc_w.l(entry2.o)
    0x0800019c   0x0800019c   0x00000004   Code   RO         6054    .ARM.Collect$$$$00000004  mc_w.l(entry5.o)
    0x080001a0   0x080001a0   0x00000000   Code   RO         6056    .ARM.Collect$$$$00000008  mc_w.l(entry7b.o)
    0x080001a0   0x080001a0   0x00000000   Code   RO         6058    .ARM.Collect$$$$0000000A  mc_w.l(entry8b.o)
    0x080001a0   0x080001a0   0x00000008   Code   RO         6059    .ARM.Collect$$$$0000000B  mc_w.l(entry9a.o)
    0x080001a8   0x080001a8   0x00000004   Code   RO         6066    .ARM.Collect$$$$0000000E  mc_w.l(entry12b.o)
    0x080001ac   0x080001ac   0x00000000   Code   RO         6061    .ARM.Collect$$$$0000000F  mc_w.l(entry10a.o)
    0x080001ac   0x080001ac   0x00000000   Code   RO         6063    .ARM.Collect$$$$00000011  mc_w.l(entry11a.o)
    0x080001ac   0x080001ac   0x00000004   Code   RO         6052    .ARM.Collect$$$$00002712  mc_w.l(entry2.o)
    0x080001b0   0x080001b0   0x000000be   Code   RO         5624    .emb_text           port.o
    0x0800026e   0x0800026e   0x00000002   PAD
    0x08000270   0x08000270   0x00000024   Code   RO            4    .text               startup_stm32f411xe.o
    0x08000294   0x08000294   0x00000062   Code   RO         5778    .text               mc_w.l(uldiv.o)
    0x080002f6   0x080002f6   0x00000024   Code   RO         5780    .text               mc_w.l(memcpya.o)
    0x0800031a   0x0800031a   0x00000024   Code   RO         5784    .text               mc_w.l(memseta.o)
    0x0800033e   0x0800033e   0x0000002c   Code   RO         6067    .text               mc_w.l(uidiv.o)
    0x0800036a   0x0800036a   0x0000001e   Code   RO         6069    .text               mc_w.l(llshl.o)
    0x08000388   0x08000388   0x00000020   Code   RO         6071    .text               mc_w.l(llushr.o)
    0x080003a8   0x080003a8   0x00000024   Code   RO         6084    .text               mc_w.l(init.o)
    0x080003cc   0x080003cc   0x0000006e   Code   RO          617    i.ADC_DMAConvCplt   stm32f4xx_hal_adc.o
    0x0800043a   0x0800043a   0x00000016   Code   RO          618    i.ADC_DMAError      stm32f4xx_hal_adc.o
    0x08000450   0x08000450   0x0000000a   Code   RO          619    i.ADC_DMAHalfConvCplt  stm32f4xx_hal_adc.o
    0x0800045a   0x0800045a   0x00000002   PAD
    0x0800045c   0x0800045c   0x00000178   Code   RO          620    i.ADC_Init          stm32f4xx_hal_adc.o
    0x080005d4   0x080005d4   0x00000002   Code   RO          303    i.BusFault_Handler  stm32f4xx_it.o
    0x080005d6   0x080005d6   0x00000002   PAD
    0x080005d8   0x080005d8   0x0000000c   Code   RO          304    i.DMA1_Stream5_IRQHandler  stm32f4xx_it.o
    0x080005e4   0x080005e4   0x0000000c   Code   RO          305    i.DMA2_Stream0_IRQHandler  stm32f4xx_it.o
    0x080005f0   0x080005f0   0x00000028   Code   RO         1423    i.DMA_CalcBaseAndBitshift  stm32f4xx_hal_dma.o
    0x08000618   0x08000618   0x00000054   Code   RO         1424    i.DMA_CheckFifoParam  stm32f4xx_hal_dma.o
    0x0800066c   0x0800066c   0x00000028   Code   RO         1425    i.DMA_SetConfig     stm32f4xx_hal_dma.o
    0x08000694   0x08000694   0x00000002   Code   RO          306    i.DebugMon_Handler  stm32f4xx_it.o
    0x08000696   0x08000696   0x00000008   Code   RO          307    i.EXTI15_10_IRQHandler  stm32f4xx_it.o
    0x0800069e   0x0800069e   0x00000004   Code   RO           13    i.Error_Handler     main.o
    0x080006a2   0x080006a2   0x00000002   Code   RO          553    i.FRTOS_Init_Mutex  freertos_impl.o
    0x080006a4   0x080006a4   0x00000002   Code   RO          555    i.FRTOS_Init_SWTimers  freertos_impl.o
    0x080006a6   0x080006a6   0x00000002   PAD
    0x080006a8   0x080006a8   0x000000d0   Code   RO          556    i.FRTOS_Init_Tasks  freertos_impl.o
    0x08000778   0x08000778   0x000001f0   Code   RO          622    i.HAL_ADC_ConfigChannel  stm32f4xx_hal_adc.o
    0x08000968   0x08000968   0x00000002   Code   RO          623    i.HAL_ADC_ConvCpltCallback  stm32f4xx_hal_adc.o
    0x0800096a   0x0800096a   0x00000002   Code   RO          624    i.HAL_ADC_ConvHalfCpltCallback  stm32f4xx_hal_adc.o
    0x0800096c   0x0800096c   0x00000002   Code   RO          626    i.HAL_ADC_ErrorCallback  stm32f4xx_hal_adc.o
    0x0800096e   0x0800096e   0x00000002   PAD
    0x08000970   0x08000970   0x0000020c   Code   RO          631    i.HAL_ADC_Init      stm32f4xx_hal_adc.o
    0x08000b7c   0x08000b7c   0x0000009c   Code   RO          424    i.HAL_ADC_MspInit   stm32f4xx_hal_msp.o
    0x08000c18   0x08000c18   0x00000190   Code   RO          638    i.HAL_ADC_Start_DMA  stm32f4xx_hal_adc.o
    0x08000da8   0x08000da8   0x00000024   Code   RO         1427    i.HAL_DMA_Abort_IT  stm32f4xx_hal_dma.o
    0x08000dcc   0x08000dcc   0x00000006   Code   RO         1430    i.HAL_DMA_GetState  stm32f4xx_hal_dma.o
    0x08000dd2   0x08000dd2   0x00000002   PAD
    0x08000dd4   0x08000dd4   0x000001a0   Code   RO         1431    i.HAL_DMA_IRQHandler  stm32f4xx_hal_dma.o
    0x08000f74   0x08000f74   0x000002e0   Code   RO         1432    i.HAL_DMA_Init      stm32f4xx_hal_dma.o
    0x08001254   0x08001254   0x000000c8   Code   RO         1436    i.HAL_DMA_Start_IT  stm32f4xx_hal_dma.o
    0x0800131c   0x0800131c   0x00000060   Code   RO          308    i.HAL_GPIO_EXTI_Callback  stm32f4xx_it.o
    0x0800137c   0x0800137c   0x00000018   Code   RO         1318    i.HAL_GPIO_EXTI_IRQHandler  stm32f4xx_hal_gpio.o
    0x08001394   0x08001394   0x000002c8   Code   RO         1319    i.HAL_GPIO_Init     stm32f4xx_hal_gpio.o
    0x0800165c   0x0800165c   0x00000060   Code   RO         1322    i.HAL_GPIO_TogglePin  stm32f4xx_hal_gpio.o
    0x080016bc   0x080016bc   0x0000006c   Code   RO         1323    i.HAL_GPIO_WritePin  stm32f4xx_hal_gpio.o
    0x08001728   0x08001728   0x0000000c   Code   RO         1875    i.HAL_GetTick       stm32f4xx_hal.o
    0x08001734   0x08001734   0x00000002   Code   RO         2120    i.HAL_I2C_AbortCpltCallback  stm32f4xx_hal_i2c.o
    0x08001736   0x08001736   0x00000002   Code   RO         2121    i.HAL_I2C_AddrCallback  stm32f4xx_hal_i2c.o
    0x08001738   0x08001738   0x00000264   Code   RO         2125    i.HAL_I2C_EV_IRQHandler  stm32f4xx_hal_i2c.o
    0x0800199c   0x0800199c   0x00000002   Code   RO         2127    i.HAL_I2C_ErrorCallback  stm32f4xx_hal_i2c.o
    0x0800199e   0x0800199e   0x00000002   PAD
    0x080019a0   0x080019a0   0x00000288   Code   RO         2131    i.HAL_I2C_Init      stm32f4xx_hal_i2c.o
    0x08001c28   0x08001c28   0x00000002   Code   RO         2133    i.HAL_I2C_ListenCpltCallback  stm32f4xx_hal_i2c.o
    0x08001c2a   0x08001c2a   0x00000002   Code   RO         2134    i.HAL_I2C_MasterRxCpltCallback  stm32f4xx_hal_i2c.o
    0x08001c2c   0x08001c2c   0x00000002   Code   RO         2135    i.HAL_I2C_MasterTxCpltCallback  stm32f4xx_hal_i2c.o
    0x08001c2e   0x08001c2e   0x00000002   Code   RO         2147    i.HAL_I2C_MemRxCpltCallback  stm32f4xx_hal_i2c.o
    0x08001c30   0x08001c30   0x00000002   Code   RO         2148    i.HAL_I2C_MemTxCpltCallback  stm32f4xx_hal_i2c.o
    0x08001c32   0x08001c32   0x00000002   PAD
    0x08001c34   0x08001c34   0x0000007c   Code   RO          426    i.HAL_I2C_MspInit   stm32f4xx_hal_msp.o
    0x08001cb0   0x08001cb0   0x00000002   Code   RO         2157    i.HAL_I2C_SlaveRxCpltCallback  stm32f4xx_hal_i2c.o
    0x08001cb2   0x08001cb2   0x00000002   Code   RO         2158    i.HAL_I2C_SlaveTxCpltCallback  stm32f4xx_hal_i2c.o
    0x08001cb4   0x08001cb4   0x00000010   Code   RO         1881    i.HAL_IncTick       stm32f4xx_hal.o
    0x08001cc4   0x08001cc4   0x00000034   Code   RO         1882    i.HAL_Init          stm32f4xx_hal.o
    0x08001cf8   0x08001cf8   0x00000074   Code   RO          514    i.HAL_InitTick      stm32f4xx_hal_timebase_tim.o
    0x08001d6c   0x08001d6c   0x00000038   Code   RO          427    i.HAL_MspInit       stm32f4xx_hal_msp.o
    0x08001da4   0x08001da4   0x00000064   Code   RO         1732    i.HAL_NVIC_EnableIRQ  stm32f4xx_hal_cortex.o
    0x08001e08   0x08001e08   0x000000a0   Code   RO         1738    i.HAL_NVIC_SetPriority  stm32f4xx_hal_cortex.o
    0x08001ea8   0x08001ea8   0x00000080   Code   RO         1739    i.HAL_NVIC_SetPriorityGrouping  stm32f4xx_hal_cortex.o
    0x08001f28   0x08001f28   0x00000240   Code   RO          896    i.HAL_RCC_ClockConfig  stm32f4xx_hal_rcc.o
    0x08002168   0x08002168   0x00000040   Code   RO          900    i.HAL_RCC_GetClockConfig  stm32f4xx_hal_rcc.o
    0x080021a8   0x080021a8   0x00000020   Code   RO          903    i.HAL_RCC_GetPCLK1Freq  stm32f4xx_hal_rcc.o
    0x080021c8   0x080021c8   0x00000064   Code   RO          905    i.HAL_RCC_GetSysClockFreq  stm32f4xx_hal_rcc.o
    0x0800222c   0x0800222c   0x000004a8   Code   RO          908    i.HAL_RCC_OscConfig  stm32f4xx_hal_rcc.o
    0x080026d4   0x080026d4   0x00000002   Code   RO         2584    i.HAL_SPI_ErrorCallback  stm32f4xx_hal_spi.o
    0x080026d6   0x080026d6   0x00000002   PAD
    0x080026d8   0x080026d8   0x000000fc   Code   RO         2587    i.HAL_SPI_IRQHandler  stm32f4xx_hal_spi.o
    0x080027d4   0x080027d4   0x00000260   Code   RO         2588    i.HAL_SPI_Init      stm32f4xx_hal_spi.o
    0x08002a34   0x08002a34   0x000000a0   Code   RO          429    i.HAL_SPI_MspInit   stm32f4xx_hal_msp.o
    0x08002ad4   0x08002ad4   0x00000002   Code   RO         3606    i.HAL_TIMEx_BreakCallback  stm32f4xx_hal_tim_ex.o
    0x08002ad6   0x08002ad6   0x00000002   Code   RO         3607    i.HAL_TIMEx_CommutCallback  stm32f4xx_hal_tim_ex.o
    0x08002ad8   0x08002ad8   0x00000124   Code   RO         3625    i.HAL_TIMEx_MasterConfigSynchronization  stm32f4xx_hal_tim_ex.o
    0x08002bfc   0x08002bfc   0x00000134   Code   RO         2901    i.HAL_TIM_Base_Init  stm32f4xx_hal_tim.o
    0x08002d30   0x08002d30   0x00000068   Code   RO          431    i.HAL_TIM_Base_MspInit  stm32f4xx_hal_msp.o
    0x08002d98   0x08002d98   0x000000ec   Code   RO         2906    i.HAL_TIM_Base_Start_IT  stm32f4xx_hal_tim.o
    0x08002e84   0x08002e84   0x0000038c   Code   RO         2910    i.HAL_TIM_ConfigClockSource  stm32f4xx_hal_tim.o
    0x08003210   0x08003210   0x00000002   Code   RO         2931    i.HAL_TIM_ErrorCallback  stm32f4xx_hal_tim.o
    0x08003212   0x08003212   0x00000002   Code   RO         2935    i.HAL_TIM_IC_CaptureCallback  stm32f4xx_hal_tim.o
    0x08003214   0x08003214   0x00000166   Code   RO         2949    i.HAL_TIM_IRQHandler  stm32f4xx_hal_tim.o
    0x0800337a   0x0800337a   0x00000002   PAD
    0x0800337c   0x0800337c   0x00000050   Code   RO          432    i.HAL_TIM_MspPostInit  stm32f4xx_hal_msp.o
    0x080033cc   0x080033cc   0x00000002   Code   RO         2952    i.HAL_TIM_OC_DelayElapsedCallback  stm32f4xx_hal_tim.o
    0x080033ce   0x080033ce   0x00000002   PAD
    0x080033d0   0x080033d0   0x00000220   Code   RO         2973    i.HAL_TIM_PWM_ConfigChannel  stm32f4xx_hal_tim.o
    0x080035f0   0x080035f0   0x00000134   Code   RO         2976    i.HAL_TIM_PWM_Init  stm32f4xx_hal_tim.o
    0x08003724   0x08003724   0x0000006c   Code   RO          434    i.HAL_TIM_PWM_MspInit  stm32f4xx_hal_msp.o
    0x08003790   0x08003790   0x00000002   Code   RO         2979    i.HAL_TIM_PWM_PulseFinishedCallback  stm32f4xx_hal_tim.o
    0x08003792   0x08003792   0x00000002   Code   RO         2980    i.HAL_TIM_PWM_PulseFinishedHalfCpltCallback  stm32f4xx_hal_tim.o
    0x08003794   0x08003794   0x00000270   Code   RO         2982    i.HAL_TIM_PWM_Start_DMA  stm32f4xx_hal_tim.o
    0x08003a04   0x08003a04   0x00000030   Code   RO          309    i.HAL_TIM_PeriodElapsedCallback  stm32f4xx_it.o
    0x08003a34   0x08003a34   0x00000002   Code   RO         2992    i.HAL_TIM_TriggerCallback  stm32f4xx_hal_tim.o
    0x08003a36   0x08003a36   0x00000002   Code   RO          310    i.HardFault_Handler  stm32f4xx_it.o
    0x08003a38   0x08003a38   0x0000000c   Code   RO          311    i.I2C1_EV_IRQHandler  stm32f4xx_it.o
    0x08003a44   0x08003a44   0x000000bc   Code   RO         2169    i.I2C_DMAAbort      stm32f4xx_hal_i2c.o
    0x08003b00   0x08003b00   0x00000158   Code   RO         2172    i.I2C_ITError       stm32f4xx_hal_i2c.o
    0x08003c58   0x08003c58   0x000000d2   Code   RO         2174    i.I2C_MasterReceive_BTF  stm32f4xx_hal_i2c.o
    0x08003d2a   0x08003d2a   0x00000002   PAD
    0x08003d2c   0x08003d2c   0x000000e8   Code   RO         2175    i.I2C_MasterReceive_RXNE  stm32f4xx_hal_i2c.o
    0x08003e14   0x08003e14   0x00000074   Code   RO         2178    i.I2C_MasterTransmit_BTF  stm32f4xx_hal_i2c.o
    0x08003e88   0x08003e88   0x000000b6   Code   RO         2179    i.I2C_MasterTransmit_TXE  stm32f4xx_hal_i2c.o
    0x08003f3e   0x08003f3e   0x00000002   PAD
    0x08003f40   0x08003f40   0x00000118   Code   RO         2180    i.I2C_Master_ADDR   stm32f4xx_hal_i2c.o
    0x08004058   0x08004058   0x0000008c   Code   RO         2181    i.I2C_Master_SB     stm32f4xx_hal_i2c.o
    0x080040e4   0x080040e4   0x000000a0   Code   RO         2182    i.I2C_MemoryTransmit_TXE_BTF  stm32f4xx_hal_i2c.o
    0x08004184   0x08004184   0x0000015c   Code   RO         2186    i.I2C_Slave_STOPF   stm32f4xx_hal_i2c.o
    0x080042e0   0x080042e0   0x00000024   Code   RO         5702    i.ITM_SendChar      retarget_io.o
    0x08004304   0x08004304   0x00000064   Code   RO           14    i.MX_ADC1_Init      main.o
    0x08004368   0x08004368   0x0000009c   Code   RO           15    i.MX_GPIO_Init      main.o
    0x08004404   0x08004404   0x00000040   Code   RO           16    i.MX_SPI1_Init      main.o
    0x08004444   0x08004444   0x000000b4   Code   RO           17    i.MX_TIM3_Init      main.o
    0x080044f8   0x080044f8   0x00000064   Code   RO           18    i.MX_TIM5_Init      main.o
    0x0800455c   0x0800455c   0x0000004c   Code   RO           19    i.MX_TIM9_Init      main.o
    0x080045a8   0x080045a8   0x00000002   Code   RO          312    i.MemManage_Handler  stm32f4xx_it.o
    0x080045aa   0x080045aa   0x00000002   Code   RO          313    i.NMI_Handler       stm32f4xx_it.o
    0x080045ac   0x080045ac   0x0000000c   Code   RO          314    i.SPI1_IRQHandler   stm32f4xx_it.o
    0x080045b8   0x080045b8   0x00000010   Code   RO         2615    i.SPI_DMAAbortOnError  stm32f4xx_hal_spi.o
    0x080045c8   0x080045c8   0x0000001a   Code   RO         5044    i.SysTick_Handler   cmsis_os2.o
    0x080045e2   0x080045e2   0x00000002   PAD
    0x080045e4   0x080045e4   0x00000090   Code   RO           21    i.SystemClock_Config  main.o
    0x08004674   0x08004674   0x00000010   Code   RO         3874    i.SystemInit        system_stm32f4xx.o
    0x08004684   0x08004684   0x0000000c   Code   RO          315    i.TIM1_BRK_TIM9_IRQHandler  stm32f4xx_it.o
    0x08004690   0x08004690   0x0000000c   Code   RO          316    i.TIM2_IRQHandler   stm32f4xx_it.o
    0x0800469c   0x0800469c   0x0000000c   Code   RO          317    i.TIM5_IRQHandler   stm32f4xx_it.o
    0x080046a8   0x080046a8   0x00000098   Code   RO         2994    i.TIM_Base_SetConfig  stm32f4xx_hal_tim.o
    0x08004740   0x08004740   0x000000cc   Code   RO         2995    i.TIM_CCxChannelCmd  stm32f4xx_hal_tim.o
    0x0800480c   0x0800480c   0x0000005e   Code   RO         2998    i.TIM_DMADelayPulseCplt  stm32f4xx_hal_tim.o
    0x0800486a   0x0800486a   0x00000038   Code   RO         2999    i.TIM_DMADelayPulseHalfCplt  stm32f4xx_hal_tim.o
    0x080048a2   0x080048a2   0x00000054   Code   RO         3000    i.TIM_DMAError      stm32f4xx_hal_tim.o
    0x080048f6   0x080048f6   0x00000014   Code   RO         3005    i.TIM_ETR_SetConfig  stm32f4xx_hal_tim.o
    0x0800490a   0x0800490a   0x00000010   Code   RO         3006    i.TIM_ITRx_SetConfig  stm32f4xx_hal_tim.o
    0x0800491a   0x0800491a   0x00000002   PAD
    0x0800491c   0x0800491c   0x000000cc   Code   RO         3007    i.TIM_OC1_SetConfig  stm32f4xx_hal_tim.o
    0x080049e8   0x080049e8   0x000000d4   Code   RO         3008    i.TIM_OC2_SetConfig  stm32f4xx_hal_tim.o
    0x08004abc   0x08004abc   0x000000d4   Code   RO         3009    i.TIM_OC3_SetConfig  stm32f4xx_hal_tim.o
    0x08004b90   0x08004b90   0x0000009c   Code   RO         3010    i.TIM_OC4_SetConfig  stm32f4xx_hal_tim.o
    0x08004c2c   0x08004c2c   0x00000022   Code   RO         3012    i.TIM_TI1_ConfigInputStage  stm32f4xx_hal_tim.o
    0x08004c4e   0x08004c4e   0x00000024   Code   RO         3014    i.TIM_TI2_ConfigInputStage  stm32f4xx_hal_tim.o
    0x08004c72   0x08004c72   0x00000002   PAD
    0x08004c74   0x08004c74   0x00000034   Code   RO          557    i.Task_BlinkMcuLED  freertos_impl.o
    0x08004ca8   0x08004ca8   0x00000034   Code   RO          558    i.Task_ProcessPushButton  freertos_impl.o
    0x08004cdc   0x08004cdc   0x00000084   Code   RO          559    i.Task_ReadADCControlPWM  freertos_impl.o
    0x08004d60   0x08004d60   0x00000002   Code   RO          318    i.UsageFault_Handler  stm32f4xx_it.o
    0x08004d62   0x08004d62   0x00000002   PAD
    0x08004d64   0x08004d64   0x00000020   Code   RO         5879    i.__0printf$3       mc_w.l(printf3.o)
    0x08004d84   0x08004d84   0x00000020   Code   RO         1745    i.__NVIC_SetPriority  stm32f4xx_hal_cortex.o
    0x08004da4   0x08004da4   0x0000000e   Code   RO         6092    i.__scatterload_copy  mc_w.l(handlers.o)
    0x08004db2   0x08004db2   0x00000002   Code   RO         6093    i.__scatterload_null  mc_w.l(handlers.o)
    0x08004db4   0x08004db4   0x0000000e   Code   RO         6094    i.__scatterload_zeroinit  mc_w.l(handlers.o)
    0x08004dc2   0x08004dc2   0x00000002   PAD
    0x08004dc4   0x08004dc4   0x000001b8   Code   RO         5886    i._printf_core      mc_w.l(printf3.o)
    0x08004f7c   0x08004f7c   0x00000040   Code   RO           22    i.assert_failed     main.o
    0x08004fbc   0x08004fbc   0x00000020   Code   RO         5707    i.fputc             retarget_io.o
    0x08004fdc   0x08004fdc   0x000000b4   Code   RO           23    i.main              main.o
    0x08005090   0x08005090   0x00000024   Code   RO         5060    i.osKernelInitialize  cmsis_os2.o
    0x080050b4   0x080050b4   0x00000038   Code   RO         5063    i.osKernelStart     cmsis_os2.o
    0x080050ec   0x080050ec   0x00000064   Code   RO         4482    i.prvAddCurrentTaskToDelayedList  tasks.o
    0x08005150   0x08005150   0x000000d0   Code   RO         4483    i.prvAddNewTaskToReadyList  tasks.o
    0x08005220   0x08005220   0x00000058   Code   RO         4870    i.prvCheckForValidListAndQueue  timers.o
    0x08005278   0x08005278   0x00000026   Code   RO         4079    i.prvCopyDataFromQueue  queue.o
    0x0800529e   0x0800529e   0x0000006c   Code   RO         4080    i.prvCopyDataToQueue  queue.o
    0x0800530a   0x0800530a   0x00000034   Code   RO         4484    i.prvDeleteTCB      tasks.o
    0x0800533e   0x0800533e   0x00000002   PAD
    0x08005340   0x08005340   0x0000004c   Code   RO         5569    i.prvHeapInit       heap_4.o
    0x0800538c   0x0800538c   0x00000064   Code   RO         4485    i.prvIdleTask       tasks.o
    0x080053f0   0x080053f0   0x00000022   Code   RO         4082    i.prvInitialiseNewQueue  queue.o
    0x08005412   0x08005412   0x00000002   PAD
    0x08005414   0x08005414   0x000000b4   Code   RO         4486    i.prvInitialiseNewTask  tasks.o
    0x080054c8   0x080054c8   0x0000004c   Code   RO         5570    i.prvInsertBlockIntoFreeList  heap_4.o
    0x08005514   0x08005514   0x00000038   Code   RO         4872    i.prvInsertTimerInActiveList  timers.o
    0x0800554c   0x0800554c   0x0000001c   Code   RO         4083    i.prvIsQueueEmpty   queue.o
    0x08005568   0x08005568   0x000000fc   Code   RO         4873    i.prvProcessReceivedCommands  timers.o
    0x08005664   0x08005664   0x000000c0   Code   RO         4874    i.prvProcessTimerOrBlockTask  timers.o
    0x08005724   0x08005724   0x00000020   Code   RO         4488    i.prvResetNextTaskUnblockTime  tasks.o
    0x08005744   0x08005744   0x00000028   Code   RO         4875    i.prvSampleTimeNow  timers.o
    0x0800576c   0x0800576c   0x0000006c   Code   RO         4876    i.prvSwitchTimerLists  timers.o
    0x080057d8   0x080057d8   0x00000014   Code   RO         4490    i.prvTaskCheckFreeStackSpace  tasks.o
    0x080057ec   0x080057ec   0x00000028   Code   RO         5625    i.prvTaskExitError  port.o
    0x08005814   0x08005814   0x00000034   Code   RO         4491    i.prvTaskIsTaskSuspended  tasks.o
    0x08005848   0x08005848   0x00000024   Code   RO         4877    i.prvTimerTask      timers.o
    0x0800586c   0x0800586c   0x0000006a   Code   RO         4084    i.prvUnlockQueue    queue.o
    0x080058d6   0x080058d6   0x00000002   PAD
    0x080058d8   0x080058d8   0x000000e8   Code   RO         5571    i.pvPortMalloc      heap_4.o
    0x080059c0   0x080059c0   0x0000002c   Code   RO         5626    i.pxPortInitialiseStack  port.o
    0x080059ec   0x080059ec   0x00000068   Code   RO         4493    i.ulTaskNotifyTake  tasks.o
    0x08005a54   0x08005a54   0x00000026   Code   RO         4039    i.uxListRemove      list.o
    0x08005a7a   0x08005a7a   0x00000002   PAD
    0x08005a7c   0x08005a7c   0x00000010   Code   RO         4496    i.uxTaskGetStackHighWaterMark  tasks.o
    0x08005a8c   0x08005a8c   0x00000014   Code   RO         5117    i.vApplicationGetIdleTaskMemory  cmsis_os2.o
    0x08005aa0   0x08005aa0   0x00000018   Code   RO         5118    i.vApplicationGetTimerTaskMemory  cmsis_os2.o
    0x08005ab8   0x08005ab8   0x00000002   Code   RO          252    i.vApplicationIdleHook  freertos.o
    0x08005aba   0x08005aba   0x00000002   Code   RO          253    i.vApplicationMallocFailedHook  freertos.o
    0x08005abc   0x08005abc   0x00000016   Code   RO         4040    i.vListInitialise   list.o
    0x08005ad2   0x08005ad2   0x00000006   Code   RO         4041    i.vListInitialiseItem  list.o
    0x08005ad8   0x08005ad8   0x00000030   Code   RO         4042    i.vListInsert       list.o
    0x08005b08   0x08005b08   0x00000018   Code   RO         4043    i.vListInsertEnd    list.o
    0x08005b20   0x08005b20   0x00000040   Code   RO         5628    i.vPortEnterCritical  port.o
    0x08005b60   0x08005b60   0x00000028   Code   RO         5629    i.vPortExitCritical  port.o
    0x08005b88   0x08005b88   0x00000064   Code   RO         5572    i.vPortFree         heap_4.o
    0x08005bec   0x08005bec   0x00000024   Code   RO         5630    i.vPortSetupTimerInterrupt  port.o
    0x08005c10   0x08005c10   0x00000054   Code   RO         5631    i.vPortValidateInterruptPriority  port.o
    0x08005c64   0x08005c64   0x00000028   Code   RO         4090    i.vQueueAddToRegistry  queue.o
    0x08005c8c   0x08005c8c   0x00000044   Code   RO         4094    i.vQueueWaitForMessageRestricted  queue.o
    0x08005cd0   0x08005cd0   0x0000004c   Code   RO         4503    i.vTaskDelay        tasks.o
    0x08005d1c   0x08005d1c   0x0000008c   Code   RO         4504    i.vTaskDelayUntil   tasks.o
    0x08005da8   0x08005da8   0x00000010   Code   RO         4508    i.vTaskInternalSetTimeOutState  tasks.o
    0x08005db8   0x08005db8   0x0000000c   Code   RO         4509    i.vTaskMissedYield  tasks.o
    0x08005dc4   0x08005dc4   0x00000030   Code   RO         4511    i.vTaskPlaceOnEventList  tasks.o
    0x08005df4   0x08005df4   0x00000038   Code   RO         4512    i.vTaskPlaceOnEventListRestricted  tasks.o
    0x08005e2c   0x08005e2c   0x0000007c   Code   RO         4517    i.vTaskResume       tasks.o
    0x08005ea8   0x08005ea8   0x00000088   Code   RO         4520    i.vTaskStartScheduler  tasks.o
    0x08005f30   0x08005f30   0x0000009c   Code   RO         4521    i.vTaskSuspend      tasks.o
    0x08005fcc   0x08005fcc   0x00000010   Code   RO         4522    i.vTaskSuspendAll   tasks.o
    0x08005fdc   0x08005fdc   0x00000064   Code   RO         4523    i.vTaskSwitchContext  tasks.o
    0x08006040   0x08006040   0x000000f4   Code   RO         5632    i.xPortStartScheduler  port.o
    0x08006134   0x08006134   0x0000002c   Code   RO         5633    i.xPortSysTickHandler  port.o
    0x08006160   0x08006160   0x00000066   Code   RO         4100    i.xQueueGenericCreateStatic  queue.o
    0x080061c6   0x080061c6   0x00000002   PAD
    0x080061c8   0x080061c8   0x00000088   Code   RO         4101    i.xQueueGenericReset  queue.o
    0x08006250   0x08006250   0x00000160   Code   RO         4102    i.xQueueGenericSend  queue.o
    0x080063b0   0x080063b0   0x000000be   Code   RO         4103    i.xQueueGenericSendFromISR  queue.o
    0x0800646e   0x0800646e   0x00000002   PAD
    0x08006470   0x08006470   0x00000138   Code   RO         4112    i.xQueueReceive     queue.o
    0x080065a8   0x080065a8   0x00000088   Code   RO         4526    i.xTaskCheckForTimeOut  tasks.o
    0x08006630   0x08006630   0x0000005a   Code   RO         4527    i.xTaskCreate       tasks.o
    0x0800668a   0x0800668a   0x00000056   Code   RO         4528    i.xTaskCreateStatic  tasks.o
    0x080066e0   0x080066e0   0x00000104   Code   RO         4530    i.xTaskGenericNotifyFromISR  tasks.o
    0x080067e4   0x080067e4   0x0000001c   Code   RO         4533    i.xTaskGetSchedulerState  tasks.o
    0x08006800   0x08006800   0x0000000c   Code   RO         4534    i.xTaskGetTickCount  tasks.o
    0x0800680c   0x0800680c   0x000000c8   Code   RO         4536    i.xTaskIncrementTick  tasks.o
    0x080068d4   0x080068d4   0x00000080   Code   RO         4539    i.xTaskPriorityDisinherit  tasks.o
    0x08006954   0x08006954   0x00000070   Code   RO         4541    i.xTaskRemoveFromEventList  tasks.o
    0x080069c4   0x080069c4   0x000000c4   Code   RO         4542    i.xTaskResumeAll    tasks.o
    0x08006a88   0x08006a88   0x00000060   Code   RO         4886    i.xTimerCreateTimerTask  timers.o
    0x08006ae8   0x08006ae8   0x00000068   Code   RO         4887    i.xTimerGenericCommand  timers.o
    0x08006b50   0x08006b50   0x00000008   Data   RO         1438    .constdata          stm32f4xx_hal_dma.o
    0x08006b58   0x08006b58   0x00000010   Data   RO         3875    .constdata          system_stm32f4xx.o
    0x08006b68   0x08006b68   0x00000008   Data   RO         3876    .constdata          system_stm32f4xx.o
    0x08006b70   0x08006b70   0x00000020   Data   RO         6090    Region$$Table       anon$$obj.o


    Execution Region RW_IRAM1 (Exec base: 0x20000000, Load base: 0x08006b90, Size: 0x00007d70, Max: 0x00020000, ABSOLUTE)

    Exec Addr    Load Addr    Size         Type   Attr      Idx    E Section Name        Object

    0x20000000   0x08006b90   0x00000004   Data   RW          319    .data               stm32f4xx_it.o
    0x20000004   0x08006b94   0x0000002c   Data   RW          560    .data               freertos_impl.o
    0x20000030   0x08006bc0   0x0000000c   Data   RW         1889    .data               stm32f4xx_hal.o
    0x2000003c   0x08006bcc   0x00000004   Data   RW         3877    .data               system_stm32f4xx.o
    0x20000040   0x08006bd0   0x0000003c   Data   RW         4545    .data               tasks.o
    0x2000007c   0x08006c0c   0x00000014   Data   RW         4895    .data               timers.o
    0x20000090   0x08006c20   0x00000004   Data   RW         5122    .data               cmsis_os2.o
    0x20000094   0x08006c24   0x00000020   Data   RW         5578    .data               heap_4.o
    0x200000b4   0x08006c44   0x0000000c   Data   RW         5634    .data               port.o
    0x200000c0   0x08006c50   0x00000004   Data   RW         5776    .data               mc_w.l(stdout.o)
    0x200000c4   0x08006c54   0x00000004   Data   RW         5777    .data               mc_w.l(stderr.o)
    0x200000c8        -       0x000001cc   Zero   RW           24    .bss                main.o
    0x20000294        -       0x00000060   Zero   RW           25    .bss                main.o
    0x200002f4        -       0x00000060   Zero   RW           26    .bss                main.o
    0x20000354        -       0x00000048   Zero   RW          517    .bss                stm32f4xx_hal_timebase_tim.o
    0x2000039c        -       0x00000040   Zero   RW         4116    .bss                queue.o
    0x200003dc        -       0x000004c4   Zero   RW         4544    .bss                tasks.o
    0x200008a0        -       0x00000118   Zero   RW         4894    .bss                timers.o
    0x200009b8        -       0x00000ab8   Zero   RW         5121    .bss                cmsis_os2.o
    0x20001470        -       0x00006000   Zero   RW         5577    .bss                heap_4.o
    0x20007470        -       0x00000900   Zero   RW            1    STACK               startup_stm32f411xe.o


==============================================================================

Image component sizes


      Code (inc. data)   RO Data    RW Data    ZI Data      Debug   Object Name

       162         22          0          4       2744      63855   cmsis_os2.o
         0          0          0          0          0      19572   event_groups.o
         4          0          0          0          0       1062   freertos.o
       448        126          0         44          0       4812   freertos_impl.o
       484         26          0         32      24576       5259   heap_4.o
       138          0          0          0          0       3906   list.o
      1068        146          0          0        652     460659   main.o
       786         82          0         12          0      12229   port.o
      1514         20          0          0         64      18304   queue.o
        68         14          0          0          0       3583   retarget_io.o
        36          8        408          0       2304        896   startup_stm32f411xe.o
        80         14          0         12          0       8302   stm32f4xx_hal.o
      1944        298          0          0          0       8289   stm32f4xx_hal_adc.o
       420        196          0          0          0      33606   stm32f4xx_hal_cortex.o
      1558        138          8          0          0       7761   stm32f4xx_hal_dma.o
       940        252          0          0          0       3936   stm32f4xx_hal_gpio.o
      3480        120          0          0          0      21749   stm32f4xx_hal_i2c.o
       788        100          0          0          0       5765   stm32f4xx_hal_msp.o
      1964        182          0          0          0       5858   stm32f4xx_hal_rcc.o
       878         84          0          0          0       3824   stm32f4xx_hal_spi.o
      4778        876          0          0          0      22497   stm32f4xx_hal_tim.o
       296         82          0          0          0       2761   stm32f4xx_hal_tim_ex.o
       116         14          0          0         72       1599   stm32f4xx_hal_timebase_tim.o
       248         68          0          4          0       9723   stm32f4xx_it.o
         0          0          0          0          0        392   stream_buffer.o
        16          4         24          4          0       1307   system_stm32f4xx.o
      2992        238          0         60       1220      36388   tasks.o
       972         80          0         20        280      32959   timers.o

    ----------------------------------------------------------------------
     26224       3190        472        192      31912     800853   Object Totals
         0          0         32          0          0          0   (incl. Generated)
        46          0          0          0          0          0   (incl. Padding)

    ----------------------------------------------------------------------

      Code (inc. data)   RO Data    RW Data    ZI Data      Debug   Library Member Name

         0          0          0          0          0          0   entry.o
         0          0          0          0          0          0   entry10a.o
         0          0          0          0          0          0   entry11a.o
         4          0          0          0          0          0   entry12b.o
         8          4          0          0          0          0   entry2.o
         4          0          0          0          0          0   entry5.o
         0          0          0          0          0          0   entry7b.o
         0          0          0          0          0          0   entry8b.o
         8          4          0          0          0          0   entry9a.o
        30          0          0          0          0          0   handlers.o
        36          8          0          0          0         68   init.o
        30          0          0          0          0         68   llshl.o
        32          0          0          0          0         68   llushr.o
        36          0          0          0          0         68   memcpya.o
        36          0          0          0          0        108   memseta.o
       472         14          0          0          0        184   printf3.o
         0          0          0          4          0          0   stderr.o
         0          0          0          4          0          0   stdout.o
        44          0          0          0          0         80   uidiv.o
        98          0          0          0          0         92   uldiv.o

    ----------------------------------------------------------------------
       840         30          0          8          0        736   Library Totals
         2          0          0          0          0          0   (incl. Padding)

    ----------------------------------------------------------------------

      Code (inc. data)   RO Data    RW Data    ZI Data      Debug   Library Name

       838         30          0          8          0        736   mc_w.l

    ----------------------------------------------------------------------
       840         30          0          8          0        736   Library Totals

    ----------------------------------------------------------------------

==============================================================================


      Code (inc. data)   RO Data    RW Data    ZI Data      Debug   

     27064       3220        472        200      31912     781281   Grand Totals
     27064       3220        472        200      31912     781281   ELF Image Totals
     27064       3220        472        200          0          0   ROM Totals

==============================================================================

    Total RO  Size (Code + RO Data)                27536 (  26.89kB)
    Total RW  Size (RW Data + ZI Data)             32112 (  31.36kB)
    Total ROM Size (Code + RO Data + RW Data)      27736 (  27.09kB)

==============================================================================

